../Core/Src/main.c:91:6:selectADC1	24	static
../Core/Src/main.c:105:6:selectADC2	24	static
../Core/Src/main.c:121:6:Set_Pin_Output	40	static
../Core/Src/main.c:130:6:Set_Pin_Input	40	static
../Core/Src/main.c:147:5:main	16	static
../Core/Src/main.c:226:6:SystemClock_Config	88	static
../Core/Src/main.c:273:13:MX_ADC1_Init	8	static
../Core/Src/main.c:317:13:MX_I2C1_Init	8	static
../Core/Src/main.c:351:13:MX_SPI1_Init	8	static
../Core/Src/main.c:389:13:MX_TIM1_Init	32	static
../Core/Src/main.c:435:13:MX_USART1_UART_Init	8	static
../Core/Src/main.c:468:13:MX_GPIO_Init	48	static
../Core/Src/main.c:517:6:HAL_TIM_PeriodElapsedCallback	16	static
../Core/Src/main.c:534:6:Error_Handler	4	static,ignoring_inline_asm
