Archive member included to satisfy reference by file (symbol)

c:/st/stm32cubeide_1.9.0/stm32cubeide/plugins/com.st.stm32cube.ide.mcu.externaltools.gnu-tools-for-stm32.10.3-2021.10.win32_1.0.0.202111181127/tools/bin/../lib/gcc/arm-none-eabi/10.3.1/../../../../arm-none-eabi/lib/thumb/v7e-m+fp/hard\libc_nano.a(lib_a-errno.o)
                              ./Core/Src/syscalls.o (__errno)
c:/st/stm32cubeide_1.9.0/stm32cubeide/plugins/com.st.stm32cube.ide.mcu.externaltools.gnu-tools-for-stm32.10.3-2021.10.win32_1.0.0.202111181127/tools/bin/../lib/gcc/arm-none-eabi/10.3.1/../../../../arm-none-eabi/lib/thumb/v7e-m+fp/hard\libc_nano.a(lib_a-exit.o)
                              c:/st/stm32cubeide_1.9.0/stm32cubeide/plugins/com.st.stm32cube.ide.mcu.externaltools.gnu-tools-for-stm32.10.3-2021.10.win32_1.0.0.202111181127/tools/bin/../lib/gcc/arm-none-eabi/10.3.1/../../../../arm-none-eabi/lib/thumb/v7e-m+fp/hard/crt0.o (exit)
c:/st/stm32cubeide_1.9.0/stm32cubeide/plugins/com.st.stm32cube.ide.mcu.externaltools.gnu-tools-for-stm32.10.3-2021.10.win32_1.0.0.202111181127/tools/bin/../lib/gcc/arm-none-eabi/10.3.1/../../../../arm-none-eabi/lib/thumb/v7e-m+fp/hard\libc_nano.a(lib_a-impure.o)
                              c:/st/stm32cubeide_1.9.0/stm32cubeide/plugins/com.st.stm32cube.ide.mcu.externaltools.gnu-tools-for-stm32.10.3-2021.10.win32_1.0.0.202111181127/tools/bin/../lib/gcc/arm-none-eabi/10.3.1/../../../../arm-none-eabi/lib/thumb/v7e-m+fp/hard\libc_nano.a(lib_a-exit.o) (_global_impure_ptr)
c:/st/stm32cubeide_1.9.0/stm32cubeide/plugins/com.st.stm32cube.ide.mcu.externaltools.gnu-tools-for-stm32.10.3-2021.10.win32_1.0.0.202111181127/tools/bin/../lib/gcc/arm-none-eabi/10.3.1/../../../../arm-none-eabi/lib/thumb/v7e-m+fp/hard\libc_nano.a(lib_a-init.o)
                              c:/st/stm32cubeide_1.9.0/stm32cubeide/plugins/com.st.stm32cube.ide.mcu.externaltools.gnu-tools-for-stm32.10.3-2021.10.win32_1.0.0.202111181127/tools/bin/../lib/gcc/arm-none-eabi/10.3.1/../../../../arm-none-eabi/lib/thumb/v7e-m+fp/hard/crt0.o (__libc_init_array)
c:/st/stm32cubeide_1.9.0/stm32cubeide/plugins/com.st.stm32cube.ide.mcu.externaltools.gnu-tools-for-stm32.10.3-2021.10.win32_1.0.0.202111181127/tools/bin/../lib/gcc/arm-none-eabi/10.3.1/../../../../arm-none-eabi/lib/thumb/v7e-m+fp/hard\libc_nano.a(lib_a-memset.o)
                              c:/st/stm32cubeide_1.9.0/stm32cubeide/plugins/com.st.stm32cube.ide.mcu.externaltools.gnu-tools-for-stm32.10.3-2021.10.win32_1.0.0.202111181127/tools/bin/../lib/gcc/arm-none-eabi/10.3.1/../../../../arm-none-eabi/lib/thumb/v7e-m+fp/hard/crt0.o (memset)
c:/st/stm32cubeide_1.9.0/stm32cubeide/plugins/com.st.stm32cube.ide.mcu.externaltools.gnu-tools-for-stm32.10.3-2021.10.win32_1.0.0.202111181127/tools/bin/../lib/gcc/arm-none-eabi/10.3.1/../../../../arm-none-eabi/lib/thumb/v7e-m+fp/hard\libc_nano.a(lib_a-sprintf.o)
                              ./Core/Src/airHumidityTask.o (sprintf)
c:/st/stm32cubeide_1.9.0/stm32cubeide/plugins/com.st.stm32cube.ide.mcu.externaltools.gnu-tools-for-stm32.10.3-2021.10.win32_1.0.0.202111181127/tools/bin/../lib/gcc/arm-none-eabi/10.3.1/../../../../arm-none-eabi/lib/thumb/v7e-m+fp/hard\libc_nano.a(lib_a-nano-svfprintf.o)
                              c:/st/stm32cubeide_1.9.0/stm32cubeide/plugins/com.st.stm32cube.ide.mcu.externaltools.gnu-tools-for-stm32.10.3-2021.10.win32_1.0.0.202111181127/tools/bin/../lib/gcc/arm-none-eabi/10.3.1/../../../../arm-none-eabi/lib/thumb/v7e-m+fp/hard\libc_nano.a(lib_a-sprintf.o) (_svfprintf_r)
c:/st/stm32cubeide_1.9.0/stm32cubeide/plugins/com.st.stm32cube.ide.mcu.externaltools.gnu-tools-for-stm32.10.3-2021.10.win32_1.0.0.202111181127/tools/bin/../lib/gcc/arm-none-eabi/10.3.1/../../../../arm-none-eabi/lib/thumb/v7e-m+fp/hard\libc_nano.a(lib_a-nano-vfprintf_i.o)
                              c:/st/stm32cubeide_1.9.0/stm32cubeide/plugins/com.st.stm32cube.ide.mcu.externaltools.gnu-tools-for-stm32.10.3-2021.10.win32_1.0.0.202111181127/tools/bin/../lib/gcc/arm-none-eabi/10.3.1/../../../../arm-none-eabi/lib/thumb/v7e-m+fp/hard\libc_nano.a(lib_a-nano-svfprintf.o) (_printf_i)
c:/st/stm32cubeide_1.9.0/stm32cubeide/plugins/com.st.stm32cube.ide.mcu.externaltools.gnu-tools-for-stm32.10.3-2021.10.win32_1.0.0.202111181127/tools/bin/../lib/gcc/arm-none-eabi/10.3.1/../../../../arm-none-eabi/lib/thumb/v7e-m+fp/hard\libc_nano.a(lib_a-memchr.o)
                              c:/st/stm32cubeide_1.9.0/stm32cubeide/plugins/com.st.stm32cube.ide.mcu.externaltools.gnu-tools-for-stm32.10.3-2021.10.win32_1.0.0.202111181127/tools/bin/../lib/gcc/arm-none-eabi/10.3.1/../../../../arm-none-eabi/lib/thumb/v7e-m+fp/hard\libc_nano.a(lib_a-nano-svfprintf.o) (memchr)
c:/st/stm32cubeide_1.9.0/stm32cubeide/plugins/com.st.stm32cube.ide.mcu.externaltools.gnu-tools-for-stm32.10.3-2021.10.win32_1.0.0.202111181127/tools/bin/../lib/gcc/arm-none-eabi/10.3.1/../../../../arm-none-eabi/lib/thumb/v7e-m+fp/hard\libc_nano.a(lib_a-memcpy-stub.o)
[...]
Memory Configuration

Name             Origin             Length             Attributes
RAM              0x0000000020000000 0x0000000000020000 xrw
FLASH            0x0000000008000000 0x0000000000080000 xr
*default*        0x0000000000000000 0xffffffffffffffff

Linker script and memory map

LOAD c:/st/stm32cubeide_1.9.0/stm32cubeide/plugins/com.st.stm32cube.ide.mcu.externaltools.gnu-tools-for-stm32.10.3-2021.10.win32_1.0.0.202111181127/tools/bin/../lib/gcc/arm-none-eabi/10.3.1/thumb/v7e-m+fp/hard/crti.o
LOAD c:/st/stm32cubeide_1.9.0/stm32cubeide/plugins/com.st.stm32cube.ide.mcu.externaltools.gnu-tools-for-stm32.10.3-2021.10.win32_1.0.0.202111181127/tools/bin/../lib/gcc/arm-none-eabi/10.3.1/thumb/v7e-m+fp/hard/crtbegin.o
LOAD c:/st/stm32cubeide_1.9.0/stm32cubeide/plugins/com.st.stm32cube.ide.mcu.externaltools.gnu-tools-for-stm32.10.3-2021.10.win32_1.0.0.202111181127/tools/bin/../lib/gcc/arm-none-eabi/10.3.1/../../../../arm-none-eabi/lib/thumb/v7e-m+fp/hard/crt0.o
LOAD ./Core/Src/LoRa.o
LOAD ./Core/Src/airHumidityTask.o
LOAD ./Core/Src/airTempTask.o
LOAD ./Core/Src/batteryTask.o
LOAD ./Core/Src/liquidcrystal_i2c.o
LOAD ./Core/Src/main.o
LOAD ./Core/Src/moistureTask.o
LOAD ./Core/Src/soilTempTask.o
LOAD ./Core/Src/stm32f4xx_hal_msp.o
LOAD ./Core/Src/stm32f4xx_it.o
LOAD ./Core/Src/syscalls.o
LOAD ./Core/Src/sysmem.o
LOAD ./Core/Src/system_stm32f4xx.o
LOAD ./Core/Startup/startup_stm32f411retx.o
LOAD ./Drivers/STM32F4xx_HAL_Driver/Src/stm32f4xx_hal.o
LOAD ./Drivers/STM32F4xx_HAL_Driver/Src/stm32f4xx_hal_adc.o
LOAD ./Drivers/STM32F4xx_HAL_Driver/Src/stm32f4xx_hal_adc_ex.o
LOAD ./Drivers/STM32F4xx_HAL_Driver/Src/stm32f4xx_hal_cortex.o
LOAD ./Drivers/STM32F4xx_HAL_Driver/Src/stm32f4xx_hal_dma.o
LOAD ./Drivers/STM32F4xx_HAL_Driver/Src/stm32f4xx_hal_dma_ex.o
LOAD ./Drivers/STM32F4xx_HAL_Driver/Src/stm32f4xx_hal_exti.o
LOAD ./Drivers/STM32F4xx_HAL_Driver/Src/stm32f4xx_hal_flash.o
LOAD ./Drivers/STM32F4xx_HAL_Driver/Src/stm32f4xx_hal_flash_ex.o
LOAD ./Drivers/STM32F4xx_HAL_Driver/Src/stm32f4xx_hal_flash_ramfunc.o
LOAD ./Drivers/STM32F4xx_HAL_Driver/Src/stm32f4xx_hal_gpio.o
LOAD ./Drivers/STM32F4xx_HAL_Driver/Src/stm32f4xx_hal_i2c.o
LOAD ./Drivers/STM32F4xx_HAL_Driver/Src/stm32f4xx_hal_i2c_ex.o
LOAD ./Drivers/STM32F4xx_HAL_Driver/Src/stm32f4xx_hal_pwr.o
LOAD ./Drivers/STM32F4xx_HAL_Driver/Src/stm32f4xx_hal_pwr_ex.o
LOAD ./Drivers/STM32F4xx_HAL_Driver/Src/stm32f4xx_hal_rcc.o
LOAD ./Drivers/STM32F4xx_HAL_Driver/Src/stm32f4xx_hal_rcc_ex.o
LOAD ./Drivers/STM32F4xx_HAL_Driver/Src/stm32f4xx_hal_spi.o
LOAD ./Drivers/STM32F4xx_HAL_Driver/Src/stm32f4xx_hal_tim.o
LOAD ./Drivers/STM32F4xx_HAL_Driver/Src/stm32f4xx_hal_tim_ex.o
LOAD ./Drivers/STM32F4xx_HAL_Driver/Src/stm32f4xx_hal_uart.o
LOAD ./Drivers/STM32F4xx_HAL_Driver/Src/stm32f4xx_ll_adc.o
START GROUP
LOAD c:/st/stm32cubeide_1.9.0/stm32cubeide/plugins/com.st.stm32cube.ide.mcu.externaltools.gnu-tools-for-stm32.10.3-2021.10.win32_1.0.0.202111181127/tools/bin/../lib/gcc/arm-none-eabi/10.3.1/../../../../arm-none-eabi/lib/thumb/v7e-m+fp/hard\libc_nano.a
LOAD c:/st/stm32cubeide_1.9.0/stm32cubeide/plugins/com.st.stm32cube.ide.mcu.externaltools.gnu-tools-for-stm32.10.3-2021.10.win32_1.0.0.202111181127/tools/bin/../lib/gcc/arm-none-eabi/10.3.1/../../../../arm-none-eabi/lib/thumb/v7e-m+fp/hard\libm.a
END GROUP
START GROUP
LOAD c:/st/stm32cubeide_1.9.0/stm32cubeide/plugins/com.st.stm32cube.ide.mcu.externaltools.gnu-tools-for-stm32.10.3-2021.10.win32_1.0.0.202111181127/tools/bin/../lib/gcc/arm-none-eabi/10.3.1/thumb/v7e-m+fp/hard\libgcc.a
LOAD c:/st/stm32cubeide_1.9.0/stm32cubeide/plugins/com.st.stm32cube.ide.mcu.externaltools.gnu-tools-for-stm32.10.3-2021.10.win32_1.0.0.202111181127/tools/bin/../lib/gcc/arm-none-eabi/10.3.1/../../../../arm-none-eabi/lib/thumb/v7e-m+fp/hard\libc_nano.a
END GROUP
START GROUP
LOAD c:/st/stm32cubeide_1.9.0/stm32cubeide/plugins/com.st.stm32cube.ide.mcu.externaltools.gnu-tools-for-stm32.10.3-2021.10.win32_1.0.0.202111181127/tools/bin/../lib/gcc/arm-none-eabi/10.3.1/thumb/v7e-m+fp/hard\libgcc.a
LOAD c:/st/stm32cubeide_1.9.0/stm32cubeide/plugins/com.st.stm32cube.ide.mcu.externaltools.gnu-tools-for-stm32.10.3-2021.10.win32_1.0.0.202111181127/tools/bin/../lib/gcc/arm-none-eabi/10.3.1/../../../../arm-none-eabi/lib/thumb/v7e-m+fp/hard\libc_nano.a
LOAD c:/st/stm32cubeide_1.9.0/stm32cubeide/plugins/com.st.stm32cube.ide.mcu.externaltools.gnu-tools-for-stm32.10.3-2021.10.win32_1.0.0.202111181127/tools/bin/../lib/gcc/arm-none-eabi/10.3.1/../../../../arm-none-eabi/lib/thumb/v7e-m+fp/hard\libnosys.a
END GROUP
START GROUP
LOAD c:/st/stm32cubeide_1.9.0/stm32cubeide/plugins/com.st.stm32cube.ide.mcu.externaltools.gnu-tools-for-stm32.10.3-2021.10.win32_1.0.0.202111181127/tools/bin/../lib/gcc/arm-none-eabi/10.3.1/thumb/v7e-m+fp/hard\libgcc.a
LOAD c:/st/stm32cubeide_1.9.0/stm32cubeide/plugins/com.st.stm32cube.ide.mcu.externaltools.gnu-tools-for-stm32.10.3-2021.10.win32_1.0.0.202111181127/tools/bin/../lib/gcc/arm-none-eabi/10.3.1/../../../../arm-none-eabi/lib/thumb/v7e-m+fp/hard\libc_nano.a
LOAD c:/st/stm32cubeide_1.9.0/stm32cubeide/plugins/com.st.stm32cube.ide.mcu.externaltools.gnu-tools-for-stm32.10.3-2021.10.win32_1.0.0.202111181127/tools/bin/../lib/gcc/arm-none-eabi/10.3.1/../../../../arm-none-eabi/lib/thumb/v7e-m+fp/hard\libnosys.a
END GROUP
LOAD c:/st/stm32cubeide_1.9.0/stm32cubeide/plugins/com.st.stm32cube.ide.mcu.externaltools.gnu-tools-for-stm32.10.3-2021.10.win32_1.0.0.202111181127/tools/bin/../lib/gcc/arm-none-eabi/10.3.1/thumb/v7e-m+fp/hard/crtend.o
LOAD c:/st/stm32cubeide_1.9.0/stm32cubeide/plugins/com.st.stm32cube.ide.mcu.externaltools.gnu-tools-for-stm32.10.3-2021.10.win32_1.0.0.202111181127/tools/bin/../lib/gcc/arm-none-eabi/10.3.1/thumb/v7e-m+fp/hard/crtn.o
                0x0000000020020000                _estack = (ORIGIN (RAM) + LENGTH (RAM))
                0x0000000000000200                _Min_Heap_Size = 0x200
                0x0000000000000400                _Min_Stack_Size = 0x400

.isr_vector     0x0000000008000000      0x198
                0x0000000008000000                . = ALIGN (0x4)
 *(.isr_vector)
 .isr_vector    0x0000000008000000      0x198 ./Core/Startup/startup_stm32f411retx.o
                0x0000000008000000                g_pfnVectors
                0x0000000008000198                . = ALIGN (0x4)

.text           0x00000000080001a0     0x6894
                0x00000000080001a0                . = ALIGN (0x4)
 *(.text)
 .text          0x00000000080001a0       0x40 c:/st/stm32cubeide_1.9.0/stm32cubeide/plugins/com.st.stm32cube.ide.mcu.externaltools.gnu-tools-for-stm32.10.3-2021.10.win32_1.0.0.202111181127/tools/bin/../lib/gcc/arm-none-eabi/10.3.1/thumb/v7e-m+fp/hard/crtbegin.o
 .text          0x00000000080001e0       0xa0 c:/st/stm32cubeide_1.9.0/stm32cubeide/plugins/com.st.stm32cube.ide.mcu.externaltools.gnu-tools-for-stm32.10.3-2021.10.win32_1.0.0.202111181127/tools/bin/../lib/gcc/arm-none-eabi/10.3.1/../../../../arm-none-eabi/lib/thumb/v7e-m+fp/hard\libc_nano.a(lib_a-memchr.o)
                0x00000000080001e0                memchr
 .text          0x0000000008000280      0x254 c:/st/stm32cubeide_1.9.0/stm32cubeide/plugins/com.st.stm32cube.ide.mcu.externaltools.gnu-tools-for-stm32.10.3-2021.10.win32_1.0.0.202111181127/tools/bin/../lib/gcc/arm-none-eabi/10.3.1/thumb/v7e-m+fp/hard\libgcc.a(_arm_muldf3.o)
                0x0000000008000280                __muldf3
                0x0000000008000280                __aeabi_dmul
 .text          0x00000000080004d4      0x378 c:/st/stm32cubeide_1.9.0/stm32cubeide/plugins/com.st.stm32cube.ide.mcu.externaltools.gnu-tools-for-stm32.10.3-2021.10.win32_1.0.0.202111181127/tools/bin/../lib/gcc/arm-none-eabi/10.3.1/thumb/v7e-m+fp/hard\libgcc.a(_arm_addsubdf3.o)
                0x00000000080004d4                __aeabi_drsub
                0x00000000080004dc                __aeabi_dsub
                0x00000000080004dc                __subdf3
                0x00000000080004e0                __aeabi_dadd
                0x00000000080004e0                __adddf3
                0x0000000008000758                __floatunsidf
                0x0000000008000758                __aeabi_ui2d
                0x0000000008000778                __floatsidf
                0x0000000008000778                __aeabi_i2d
                0x000000000800079c                __aeabi_f2d
                0x000000000800079c                __extendsfdf2
                0x00000000080007e0                __floatundidf
                0x00000000080007e0                __aeabi_ul2d
                0x00000000080007f0                __floatdidf
                0x00000000080007f0                __aeabi_l2d
 .text          0x000000000800084c       0x40 c:/st/stm32cubeide_1.9.0/stm32cubeide/plugins/com.st.stm32cube.ide.mcu.externaltools.gnu-tools-for-stm32.10.3-2021.10.win32_1.0.0.202111181127/tools/bin/../lib/gcc/arm-none-eabi/10.3.1/thumb/v7e-m+fp/hard\libgcc.a(_arm_fixunsdfsi.o)
                0x000000000800084c                __aeabi_d2uiz
                0x000000000800084c                __fixunsdfsi
 .text          0x000000000800088c       0x30 c:/st/stm32cubeide_1.9.0/stm32cubeide/plugins/com.st.stm32cube.ide.mcu.externaltools.gnu-tools-for-stm32.10.3-2021.10.win32_1.0.0.202111181127/tools/bin/../lib/gcc/arm-none-eabi/10.3.1/thumb/v7e-m+fp/hard\libgcc.a(_aeabi_uldivmod.o)
                0x000000000800088c                __aeabi_uldivmod
 .text          0x00000000080008bc      0x2d0 c:/st/stm32cubeide_1.9.0/stm32cubeide/plugins/com.st.stm32cube.ide.mcu.externaltools.gnu-tools-for-stm32.10.3-2021.10.win32_1.0.0.202111181127/tools/bin/../lib/gcc/arm-none-eabi/10.3.1/thumb/v7e-m+fp/hard\libgcc.a(_udivmoddi4.o)
                0x00000000080008bc                __udivmoddi4
 .text          0x0000000008000b8c        0x4 c:/st/stm32cubeide_1.9.0/stm32cubeide/plugins/com.st.stm32cube.ide.mcu.externaltools.gnu-tools-for-stm32.10.3-2021.10.win32_1.0.0.202111181127/tools/bin/../lib/gcc/arm-none-eabi/10.3.1/thumb/v7e-m+fp/hard\libgcc.a(_dvmd_tls.o)
                0x0000000008000b8c                __aeabi_idiv0
                0x0000000008000b8c                __aeabi_ldiv0
 *(.text*)
 .text.newLoRa  0x0000000008000b90       0x52 ./Core/Src/LoRa.o
                0x0000000008000b90                newLoRa
 .text.LoRa_reset
                0x0000000008000be2       0x3c ./Core/Src/LoRa.o
                0x0000000008000be2                LoRa_reset
 .text.LoRa_gotoMode
                0x0000000008000c1e       0xc2 ./Core/Src/LoRa.o
                0x0000000008000c1e                LoRa_gotoMode
 .text.LoRa_readReg
                0x0000000008000ce0       0x7c ./Core/Src/LoRa.o
                0x0000000008000ce0                LoRa_readReg
 .text.LoRa_writeReg
                0x0000000008000d5c       0x7c ./Core/Src/LoRa.o
                0x0000000008000d5c                LoRa_writeReg
 .text.LoRa_setFrequency
                0x0000000008000dd8       0x60 ./Core/Src/LoRa.o
                0x0000000008000dd8                LoRa_setFrequency
 .text.LoRa_setSpreadingFactor
                0x0000000008000e38       0x5e ./Core/Src/LoRa.o
                0x0000000008000e38                LoRa_setSpreadingFactor
 .text.LoRa_setPower
                0x0000000008000e96       0x26 ./Core/Src/LoRa.o
                0x0000000008000e96                LoRa_setPower
 .text.LoRa_setOCP
                0x0000000008000ebc       0x7c ./Core/Src/LoRa.o
                0x0000000008000ebc                LoRa_setOCP
 .text.LoRa_setTOMsb_setCRCon
                0x0000000008000f38       0x36 ./Core/Src/LoRa.o
                0x0000000008000f38                LoRa_setTOMsb_setCRCon
 .text.LoRa_read
                0x0000000008000f6e       0x34 ./Core/Src/LoRa.o
                0x0000000008000f6e                LoRa_read
 .text.LoRa_write
                0x0000000008000fa2       0x3a ./Core/Src/LoRa.o
                0x0000000008000fa2                LoRa_write
 .text.LoRa_BurstWrite
                0x0000000008000fdc       0x8e ./Core/Src/LoRa.o
                0x0000000008000fdc                LoRa_BurstWrite
 .text.LoRa_isvalid
                0x000000000800106a       0x16 ./Core/Src/LoRa.o
                0x000000000800106a                LoRa_isvalid
 .text.LoRa_transmit
                0x0000000008001080       0xb0 ./Core/Src/LoRa.o
                0x0000000008001080                LoRa_transmit
 .text.LoRa_startReceiving
                0x0000000008001130       0x18 ./Core/Src/LoRa.o
                0x0000000008001130                LoRa_startReceiving
 .text.LoRa_init
                0x0000000008001148      0x148 ./Core/Src/LoRa.o
                0x0000000008001148                LoRa_init
 .text.Set_Pin_Output3
                0x0000000008001290       0x3c ./Core/Src/airHumidityTask.o
                0x0000000008001290                Set_Pin_Output3
 .text.Set_Pin_Input3
                0x00000000080012cc       0x3c ./Core/Src/airHumidityTask.o
                0x00000000080012cc                Set_Pin_Input3
 .text.DHT11_Start
                0x0000000008001308       0x5c ./Core/Src/airHumidityTask.o
                0x0000000008001308                DHT11_Start
 .text.DHT11_Check_Response
                0x0000000008001364       0x60 ./Core/Src/airHumidityTask.o
                0x0000000008001364                DHT11_Check_Response
 .text.DHT11_Read
                0x00000000080013c4       0x98 ./Core/Src/airHumidityTask.o
                0x00000000080013c4                DHT11_Read
 .text.humidity_Task
                0x000000000800145c       0xa8 ./Core/Src/airHumidityTask.o
                0x000000000800145c                humidity_Task
 .text.Set_Pin_Output1
                0x0000000008001504       0x3c ./Core/Src/airTempTask.o
                0x0000000008001504                Set_Pin_Output1
 .text.Set_Pin_Input1
                0x0000000008001540       0x3c ./Core/Src/airTempTask.o
                0x0000000008001540                Set_Pin_Input1
 .text.DS18B20_Start2
                0x000000000800157c       0x60 ./Core/Src/airTempTask.o
                0x000000000800157c                DS18B20_Start2
 .text.DS18B20_Write2
                0x00000000080015dc       0x8c ./Core/Src/airTempTask.o
                0x00000000080015dc                DS18B20_Write2
 .text.DS18B20_Read2
                0x0000000008001668       0x7c ./Core/Src/airTempTask.o
                0x0000000008001668                DS18B20_Read2
 .text.airTemp_Task
                0x00000000080016e4       0xd0 ./Core/Src/airTempTask.o
                0x00000000080016e4                airTemp_Task
 .text.battery_Task
                0x00000000080017b4       0xcc ./Core/Src/batteryTask.o
                0x00000000080017b4                battery_Task
 .text.lcd_Init
                0x0000000008001880      0x108 ./Core/Src/liquidcrystal_i2c.o
                0x0000000008001880                lcd_Init
 .text.lcd_Clear
                0x0000000008001988       0x16 ./Core/Src/liquidcrystal_i2c.o
                0x0000000008001988                lcd_Clear
 .text.lcd_Home
                0x000000000800199e       0x16 ./Core/Src/liquidcrystal_i2c.o
                0x000000000800199e                lcd_Home
 .text.lcd_SetCursor
                0x00000000080019b4       0x64 ./Core/Src/liquidcrystal_i2c.o
                0x00000000080019b4                lcd_SetCursor
 .text.lcd_Display
                0x0000000008001a18       0x2c ./Core/Src/liquidcrystal_i2c.o
                0x0000000008001a18                lcd_Display
 .text.lcd_CreateSpecialChar
                0x0000000008001a44       0x52 ./Core/Src/liquidcrystal_i2c.o
                0x0000000008001a44                lcd_CreateSpecialChar
 .text.lcd_PrintStr
                0x0000000008001a96       0x2a ./Core/Src/liquidcrystal_i2c.o
                0x0000000008001a96                lcd_PrintStr
 .text.SendCommand
                0x0000000008001ac0       0x1c ./Core/Src/liquidcrystal_i2c.o
 .text.SendChar
                0x0000000008001adc       0x1c ./Core/Src/liquidcrystal_i2c.o
 .text.Send     0x0000000008001af8       0x42 ./Core/Src/liquidcrystal_i2c.o
 .text.Write4Bits
                0x0000000008001b3a       0x22 ./Core/Src/liquidcrystal_i2c.o
 .text.ExpanderWrite
                0x0000000008001b5c       0x38 ./Core/Src/liquidcrystal_i2c.o
 .text.PulseEnable
                0x0000000008001b94       0x3a ./Core/Src/liquidcrystal_i2c.o
 *fill*         0x0000000008001bce        0x2 
 .text.DelayInit
                0x0000000008001bd0       0x54 ./Core/Src/liquidcrystal_i2c.o
 .text.DelayUS  0x0000000008001c24       0x50 ./Core/Src/liquidcrystal_i2c.o
                0x0000000008001c24                DelayUS
 .text.selectADC1
                0x0000000008001c74       0x40 ./Core/Src/main.o
                0x0000000008001c74                selectADC1
 .text.selectADC2
                0x0000000008001cb4       0x40 ./Core/Src/main.o
                0x0000000008001cb4                selectADC2
 .text.main     0x0000000008001cf4      0x1ec ./Core/Src/main.o
                0x0000000008001cf4                main
 .text.SystemClock_Config
                0x0000000008001ee0       0xd0 ./Core/Src/main.o
                0x0000000008001ee0                SystemClock_Config
 .text.MX_ADC1_Init
                0x0000000008001fb0       0x70 ./Core/Src/main.o
 .text.MX_I2C1_Init
                0x0000000008002020       0x5c ./Core/Src/main.o
 .text.MX_SPI1_Init
                0x000000000800207c       0x6c ./Core/Src/main.o
 .text.MX_TIM1_Init
                0x00000000080020e8       0xa0 ./Core/Src/main.o
 .text.MX_USART1_UART_Init
                0x0000000008002188       0x54 ./Core/Src/main.o
 .text.MX_GPIO_Init
                0x00000000080021dc      0x108 ./Core/Src/main.o
 .text.Error_Handler
                0x00000000080022e4        0xa ./Core/Src/main.o
                0x00000000080022e4                Error_Handler
 *fill*         0x00000000080022ee        0x2 
 .text.soilMoist_Task
                0x00000000080022f0       0xc8 ./Core/Src/moistureTask.o
                0x00000000080022f0                soilMoist_Task
 .text.Set_Pin_Output2
                0x00000000080023b8       0x3c ./Core/Src/soilTempTask.o
                0x00000000080023b8                Set_Pin_Output2
 .text.Set_Pin_Input2
                0x00000000080023f4       0x3c ./Core/Src/soilTempTask.o
                0x00000000080023f4                Set_Pin_Input2
 .text.DS18B20_Start1
                0x0000000008002430       0x60 ./Core/Src/soilTempTask.o
                0x0000000008002430                DS18B20_Start1
 .text.DS18B20_Write1
                0x0000000008002490       0x8c ./Core/Src/soilTempTask.o
                0x0000000008002490                DS18B20_Write1
 .text.DS18B20_Read1
                0x000000000800251c       0x7c ./Core/Src/soilTempTask.o
                0x000000000800251c                DS18B20_Read1
 .text.soilTemp_Task
                0x0000000008002598       0xcc ./Core/Src/soilTempTask.o
                0x0000000008002598                soilTemp_Task
 .text.HAL_MspInit
                0x0000000008002664       0x50 ./Core/Src/stm32f4xx_hal_msp.o
                0x0000000008002664                HAL_MspInit
 .text.HAL_ADC_MspInit
                0x00000000080026b4       0x88 ./Core/Src/stm32f4xx_hal_msp.o
                0x00000000080026b4                HAL_ADC_MspInit
 .text.HAL_I2C_MspInit
                0x000000000800273c       0x90 ./Core/Src/stm32f4xx_hal_msp.o
                0x000000000800273c                HAL_I2C_MspInit
 .text.HAL_SPI_MspInit
                0x00000000080027cc       0x90 ./Core/Src/stm32f4xx_hal_msp.o
                0x00000000080027cc                HAL_SPI_MspInit
 .text.HAL_TIM_Base_MspInit
                0x000000000800285c       0x44 ./Core/Src/stm32f4xx_hal_msp.o
                0x000000000800285c                HAL_TIM_Base_MspInit
 .text.HAL_UART_MspInit
                0x00000000080028a0       0x90 ./Core/Src/stm32f4xx_hal_msp.o
                0x00000000080028a0                HAL_UART_MspInit
 .text.NMI_Handler
                0x0000000008002930        0x6 ./Core/Src/stm32f4xx_it.o
                0x0000000008002930                NMI_Handler
 .text.HardFault_Handler
                0x0000000008002936        0x6 ./Core/Src/stm32f4xx_it.o
                0x0000000008002936                HardFault_Handler
 .text.MemManage_Handler
                0x000000000800293c        0x6 ./Core/Src/stm32f4xx_it.o
                0x000000000800293c                MemManage_Handler
 .text.BusFault_Handler
                0x0000000008002942        0x6 ./Core/Src/stm32f4xx_it.o
                0x0000000008002942                BusFault_Handler
 .text.UsageFault_Handler
                0x0000000008002948        0x6 ./Core/Src/stm32f4xx_it.o
                0x0000000008002948                UsageFault_Handler
 .text.SVC_Handler
                0x000000000800294e        0xe ./Core/Src/stm32f4xx_it.o
                0x000000000800294e                SVC_Handler
 .text.DebugMon_Handler
                0x000000000800295c        0xe ./Core/Src/stm32f4xx_it.o
                0x000000000800295c                DebugMon_Handler
 .text.PendSV_Handler
                0x000000000800296a        0xe ./Core/Src/stm32f4xx_it.o
                0x000000000800296a                PendSV_Handler
 .text.SysTick_Handler
                0x0000000008002978        0xc ./Core/Src/stm32f4xx_it.o
                0x0000000008002978                SysTick_Handler
 .text._sbrk    0x0000000008002984       0x6c ./Core/Src/sysmem.o
                0x0000000008002984                _sbrk
 .text.SystemInit
                0x00000000080029f0       0x24 ./Core/Src/system_stm32f4xx.o
                0x00000000080029f0                SystemInit
 .text.Reset_Handler
                0x0000000008002a14       0x50 ./Core/Startup/startup_stm32f411retx.o
                0x0000000008002a14                Reset_Handler
 .text.Default_Handler
                0x0000000008002a64        0x2 ./Core/Startup/startup_stm32f411retx.o
                0x0000000008002a64                RTC_Alarm_IRQHandler
                0x0000000008002a64                EXTI2_IRQHandler
                0x0000000008002a64                SPI4_IRQHandler
                0x0000000008002a64                TIM1_CC_IRQHandler
                0x0000000008002a64                DMA2_Stream5_IRQHandler
                0x0000000008002a64                DMA1_Stream5_IRQHandler
                0x0000000008002a64                PVD_IRQHandler
                0x0000000008002a64                SDIO_IRQHandler
                0x0000000008002a64                TAMP_STAMP_IRQHandler
                0x0000000008002a64                EXTI3_IRQHandler
                0x0000000008002a64                TIM1_UP_TIM10_IRQHandler
                0x0000000008002a64                I2C3_ER_IRQHandler
                0x0000000008002a64                EXTI0_IRQHandler
                0x0000000008002a64                I2C2_EV_IRQHandler
                0x0000000008002a64                DMA1_Stream2_IRQHandler
                0x0000000008002a64                FPU_IRQHandler
                0x0000000008002a64                DMA2_Stream2_IRQHandler
                0x0000000008002a64                SPI1_IRQHandler
                0x0000000008002a64                TIM1_BRK_TIM9_IRQHandler
                0x0000000008002a64                DMA2_Stream3_IRQHandler
                0x0000000008002a64                USART6_IRQHandler
                0x0000000008002a64                DMA2_Stream0_IRQHandler
                0x0000000008002a64                TIM4_IRQHandler
                0x0000000008002a64                I2C1_EV_IRQHandler
                0x0000000008002a64                DMA1_Stream6_IRQHandler
                0x0000000008002a64                DMA1_Stream1_IRQHandler
                0x0000000008002a64                TIM3_IRQHandler
                0x0000000008002a64                RCC_IRQHandler
                0x0000000008002a64                Default_Handler
                0x0000000008002a64                EXTI15_10_IRQHandler
                0x0000000008002a64                ADC_IRQHandler
                0x0000000008002a64                DMA1_Stream7_IRQHandler
                0x0000000008002a64                SPI5_IRQHandler
                0x0000000008002a64                TIM5_IRQHandler
                0x0000000008002a64                DMA2_Stream7_IRQHandler
                0x0000000008002a64                I2C3_EV_IRQHandler
                0x0000000008002a64                EXTI9_5_IRQHandler
                0x0000000008002a64                RTC_WKUP_IRQHandler
                0x0000000008002a64                SPI2_IRQHandler
                0x0000000008002a64                DMA1_Stream0_IRQHandler
                0x0000000008002a64                EXTI4_IRQHandler
                0x0000000008002a64                WWDG_IRQHandler
                0x0000000008002a64                TIM2_IRQHandler
                0x0000000008002a64                OTG_FS_WKUP_IRQHandler
                0x0000000008002a64                TIM1_TRG_COM_TIM11_IRQHandler
                0x0000000008002a64                EXTI1_IRQHandler
                0x0000000008002a64                USART2_IRQHandler
                0x0000000008002a64                I2C2_ER_IRQHandler
                0x0000000008002a64                DMA2_Stream1_IRQHandler
                0x0000000008002a64                FLASH_IRQHandler
                0x0000000008002a64                DMA2_Stream4_IRQHandler
                0x0000000008002a64                USART1_IRQHandler
                0x0000000008002a64                OTG_FS_IRQHandler
                0x0000000008002a64                SPI3_IRQHandler
                0x0000000008002a64                DMA1_Stream4_IRQHandler
                0x0000000008002a64                I2C1_ER_IRQHandler
                0x0000000008002a64                DMA2_Stream6_IRQHandler
                0x0000000008002a64                DMA1_Stream3_IRQHandler
 *fill*         0x0000000008002a66        0x2 
 .text.HAL_Init
                0x0000000008002a68       0x44 ./Drivers/STM32F4xx_HAL_Driver/Src/stm32f4xx_hal.o
                0x0000000008002a68                HAL_Init
 .text.HAL_InitTick
                0x0000000008002aac       0x60 ./Drivers/STM32F4xx_HAL_Driver/Src/stm32f4xx_hal.o
                0x0000000008002aac                HAL_InitTick
 .text.HAL_IncTick
                0x0000000008002b0c       0x28 ./Drivers/STM32F4xx_HAL_Driver/Src/stm32f4xx_hal.o
                0x0000000008002b0c                HAL_IncTick
 .text.HAL_GetTick
                0x0000000008002b34       0x18 ./Drivers/STM32F4xx_HAL_Driver/Src/stm32f4xx_hal.o
                0x0000000008002b34                HAL_GetTick
 .text.HAL_Delay
                0x0000000008002b4c       0x48 ./Drivers/STM32F4xx_HAL_Driver/Src/stm32f4xx_hal.o
                0x0000000008002b4c                HAL_Delay
 .text.HAL_ADC_Init
                0x0000000008002b94       0x86 ./Drivers/STM32F4xx_HAL_Driver/Src/stm32f4xx_hal_adc.o
                0x0000000008002b94                HAL_ADC_Init
 *fill*         0x0000000008002c1a        0x2 
 .text.HAL_ADC_Start
                0x0000000008002c1c      0x168 ./Drivers/STM32F4xx_HAL_Driver/Src/stm32f4xx_hal_adc.o
                0x0000000008002c1c                HAL_ADC_Start
 .text.HAL_ADC_Stop
                0x0000000008002d84       0x66 ./Drivers/STM32F4xx_HAL_Driver/Src/stm32f4xx_hal_adc.o
                0x0000000008002d84                HAL_ADC_Stop
 .text.HAL_ADC_PollForConversion
                0x0000000008002dea      0x116 ./Drivers/STM32F4xx_HAL_Driver/Src/stm32f4xx_hal_adc.o
                0x0000000008002dea                HAL_ADC_PollForConversion
 .text.HAL_ADC_GetValue
                0x0000000008002f00       0x1a ./Drivers/STM32F4xx_HAL_Driver/Src/stm32f4xx_hal_adc.o
                0x0000000008002f00                HAL_ADC_GetValue
 *fill*         0x0000000008002f1a        0x2 
 .text.HAL_ADC_ConfigChannel
                0x0000000008002f1c      0x264 ./Drivers/STM32F4xx_HAL_Driver/Src/stm32f4xx_hal_adc.o
                0x0000000008002f1c                HAL_ADC_ConfigChannel
 .text.ADC_Init
                0x0000000008003180      0x1f8 ./Drivers/STM32F4xx_HAL_Driver/Src/stm32f4xx_hal_adc.o
 .text.__NVIC_SetPriorityGrouping
                0x0000000008003378       0x48 ./Drivers/STM32F4xx_HAL_Driver/Src/stm32f4xx_hal_cortex.o
 .text.__NVIC_GetPriorityGrouping
                0x00000000080033c0       0x1c ./Drivers/STM32F4xx_HAL_Driver/Src/stm32f4xx_hal_cortex.o
 .text.__NVIC_SetPriority
                0x00000000080033dc       0x54 ./Drivers/STM32F4xx_HAL_Driver/Src/stm32f4xx_hal_cortex.o
 .text.NVIC_EncodePriority
                0x0000000008003430       0x66 ./Drivers/STM32F4xx_HAL_Driver/Src/stm32f4xx_hal_cortex.o
 *fill*         0x0000000008003496        0x2 
 .text.SysTick_Config
                0x0000000008003498       0x44 ./Drivers/STM32F4xx_HAL_Driver/Src/stm32f4xx_hal_cortex.o
 .text.HAL_NVIC_SetPriorityGrouping
                0x00000000080034dc       0x16 ./Drivers/STM32F4xx_HAL_Driver/Src/stm32f4xx_hal_cortex.o
                0x00000000080034dc                HAL_NVIC_SetPriorityGrouping
 .text.HAL_NVIC_SetPriority
                0x00000000080034f2       0x38 ./Drivers/STM32F4xx_HAL_Driver/Src/stm32f4xx_hal_cortex.o
                0x00000000080034f2                HAL_NVIC_SetPriority
 .text.HAL_SYSTICK_Config
                0x000000000800352a       0x18 ./Drivers/STM32F4xx_HAL_Driver/Src/stm32f4xx_hal_cortex.o
                0x000000000800352a                HAL_SYSTICK_Config
 *fill*         0x0000000008003542        0x2 
 .text.HAL_GPIO_Init
                0x0000000008003544      0x308 ./Drivers/STM32F4xx_HAL_Driver/Src/stm32f4xx_hal_gpio.o
                0x0000000008003544                HAL_GPIO_Init
 .text.HAL_GPIO_ReadPin
                0x000000000800384c       0x30 ./Drivers/STM32F4xx_HAL_Driver/Src/stm32f4xx_hal_gpio.o
                0x000000000800384c                HAL_GPIO_ReadPin
 .text.HAL_GPIO_WritePin
                0x000000000800387c       0x32 ./Drivers/STM32F4xx_HAL_Driver/Src/stm32f4xx_hal_gpio.o
                0x000000000800387c                HAL_GPIO_WritePin
 *fill*         0x00000000080038ae        0x2 
 .text.HAL_I2C_Init
                0x00000000080038b0      0x288 ./Drivers/STM32F4xx_HAL_Driver/Src/stm32f4xx_hal_i2c.o
                0x00000000080038b0                HAL_I2C_Init
 .text.HAL_I2C_Master_Transmit
                0x0000000008003b38      0x1fc ./Drivers/STM32F4xx_HAL_Driver/Src/stm32f4xx_hal_i2c.o
                0x0000000008003b38                HAL_I2C_Master_Transmit
 .text.I2C_MasterRequestWrite
                0x0000000008003d34      0x104 ./Drivers/STM32F4xx_HAL_Driver/Src/stm32f4xx_hal_i2c.o
 .text.I2C_WaitOnFlagUntilTimeout
                0x0000000008003e38       0xae ./Drivers/STM32F4xx_HAL_Driver/Src/stm32f4xx_hal_i2c.o
 .text.I2C_WaitOnMasterAddressFlagUntilTimeout
                0x0000000008003ee6       0xfe ./Drivers/STM32F4xx_HAL_Driver/Src/stm32f4xx_hal_i2c.o
 .text.I2C_WaitOnTXEFlagUntilTimeout
                0x0000000008003fe4       0x82 ./Drivers/STM32F4xx_HAL_Driver/Src/stm32f4xx_hal_i2c.o
 .text.I2C_WaitOnBTFFlagUntilTimeout
                0x0000000008004066       0x82 ./Drivers/STM32F4xx_HAL_Driver/Src/stm32f4xx_hal_i2c.o
 .text.I2C_IsAcknowledgeFailed
                0x00000000080040e8       0x5e ./Drivers/STM32F4xx_HAL_Driver/Src/stm32f4xx_hal_i2c.o
 *fill*         0x0000000008004146        0x2 
 .text.HAL_RCC_OscConfig
                0x0000000008004148      0x4f0 ./Drivers/STM32F4xx_HAL_Driver/Src/stm32f4xx_hal_rcc.o
                0x0000000008004148                HAL_RCC_OscConfig
 .text.HAL_RCC_ClockConfig
                0x0000000008004638      0x1cc ./Drivers/STM32F4xx_HAL_Driver/Src/stm32f4xx_hal_rcc.o
                0x0000000008004638                HAL_RCC_ClockConfig
 .text.HAL_RCC_GetSysClockFreq
                0x0000000008004804      0x18c ./Drivers/STM32F4xx_HAL_Driver/Src/stm32f4xx_hal_rcc.o
                0x0000000008004804                HAL_RCC_GetSysClockFreq
 .text.HAL_RCC_GetHCLKFreq
                0x0000000008004990       0x18 ./Drivers/STM32F4xx_HAL_Driver/Src/stm32f4xx_hal_rcc.o
                0x0000000008004990                HAL_RCC_GetHCLKFreq
 .text.HAL_RCC_GetPCLK1Freq
                0x00000000080049a8       0x28 ./Drivers/STM32F4xx_HAL_Driver/Src/stm32f4xx_hal_rcc.o
                0x00000000080049a8                HAL_RCC_GetPCLK1Freq
 .text.HAL_RCC_GetPCLK2Freq
                0x00000000080049d0       0x28 ./Drivers/STM32F4xx_HAL_Driver/Src/stm32f4xx_hal_rcc.o
                0x00000000080049d0                HAL_RCC_GetPCLK2Freq
 .text.HAL_SPI_Init
                0x00000000080049f8      0x112 ./Drivers/STM32F4xx_HAL_Driver/Src/stm32f4xx_hal_spi.o
                0x00000000080049f8                HAL_SPI_Init
 .text.HAL_SPI_Transmit
                0x0000000008004b0a      0x278 ./Drivers/STM32F4xx_HAL_Driver/Src/stm32f4xx_hal_spi.o
                0x0000000008004b0a                HAL_SPI_Transmit
 .text.HAL_SPI_Receive
                0x0000000008004d82      0x222 ./Drivers/STM32F4xx_HAL_Driver/Src/stm32f4xx_hal_spi.o
                0x0000000008004d82                HAL_SPI_Receive
 .text.HAL_SPI_TransmitReceive
                0x0000000008004fa4      0x344 ./Drivers/STM32F4xx_HAL_Driver/Src/stm32f4xx_hal_spi.o
                0x0000000008004fa4                HAL_SPI_TransmitReceive
 .text.HAL_SPI_GetState
                0x00000000080052e8       0x1c ./Drivers/STM32F4xx_HAL_Driver/Src/stm32f4xx_hal_spi.o
                0x00000000080052e8                HAL_SPI_GetState
 .text.SPI_WaitFlagStateUntilTimeout
                0x0000000008005304      0x110 ./Drivers/STM32F4xx_HAL_Driver/Src/stm32f4xx_hal_spi.o
 .text.SPI_EndRxTransaction
                0x0000000008005414       0xca ./Drivers/STM32F4xx_HAL_Driver/Src/stm32f4xx_hal_spi.o
 *fill*         0x00000000080054de        0x2 
 .text.SPI_EndRxTxTransaction
                0x00000000080054e0       0x84 ./Drivers/STM32F4xx_HAL_Driver/Src/stm32f4xx_hal_spi.o
 .text.HAL_TIM_Base_Init
                0x0000000008005564       0x9e ./Drivers/STM32F4xx_HAL_Driver/Src/stm32f4xx_hal_tim.o
                0x0000000008005564                HAL_TIM_Base_Init
 *fill*         0x0000000008005602        0x2 
 .text.HAL_TIM_Base_Start
                0x0000000008005604       0xb4 ./Drivers/STM32F4xx_HAL_Driver/Src/stm32f4xx_hal_tim.o
                0x0000000008005604                HAL_TIM_Base_Start
 .text.HAL_TIM_ConfigClockSource
                0x00000000080056b8      0x18e ./Drivers/STM32F4xx_HAL_Driver/Src/stm32f4xx_hal_tim.o
                0x00000000080056b8                HAL_TIM_ConfigClockSource
 *fill*         0x0000000008005846        0x2 
 .text.TIM_Base_SetConfig
                0x0000000008005848      0x100 ./Drivers/STM32F4xx_HAL_Driver/Src/stm32f4xx_hal_tim.o
                0x0000000008005848                TIM_Base_SetConfig
 .text.TIM_TI1_ConfigInputStage
                0x0000000008005948       0x5e ./Drivers/STM32F4xx_HAL_Driver/Src/stm32f4xx_hal_tim.o
 .text.TIM_TI2_ConfigInputStage
                0x00000000080059a6       0x60 ./Drivers/STM32F4xx_HAL_Driver/Src/stm32f4xx_hal_tim.o
 .text.TIM_ITRx_SetConfig
                0x0000000008005a06       0x36 ./Drivers/STM32F4xx_HAL_Driver/Src/stm32f4xx_hal_tim.o
 .text.TIM_ETR_SetConfig
                0x0000000008005a3c       0x40 ./Drivers/STM32F4xx_HAL_Driver/Src/stm32f4xx_hal_tim.o
                0x0000000008005a3c                TIM_ETR_SetConfig
 .text.HAL_TIMEx_MasterConfigSynchronization
                0x0000000008005a7c       0xdc ./Drivers/STM32F4xx_HAL_Driver/Src/stm32f4xx_hal_tim_ex.o
                0x0000000008005a7c                HAL_TIMEx_MasterConfigSynchronization
 .text.HAL_UART_Init
                0x0000000008005b58       0x9a ./Drivers/STM32F4xx_HAL_Driver/Src/stm32f4xx_hal_uart.o
                0x0000000008005b58                HAL_UART_Init
 *fill*         0x0000000008005bf2        0x2 
 .text.UART_SetConfig
                0x0000000008005bf4      0x4e8 ./Drivers/STM32F4xx_HAL_Driver/Src/stm32f4xx_hal_uart.o
 .text.__errno  0x00000000080060dc        0xc c:/st/stm32cubeide_1.9.0/stm32cubeide/plugins/com.st.stm32cube.ide.mcu.externaltools.gnu-tools-for-stm32.10.3-2021.10.win32_1.0.0.202111181127/tools/bin/../lib/gcc/arm-none-eabi/10.3.1/../../../../arm-none-eabi/lib/thumb/v7e-m+fp/hard\libc_nano.a(lib_a-errno.o)
                0x00000000080060dc                __errno
 .text.__libc_init_array
                0x00000000080060e8       0x48 c:/st/stm32cubeide_1.9.0/stm32cubeide/plugins/com.st.stm32cube.ide.mcu.externaltools.gnu-tools-for-stm32.10.3-2021.10.win32_1.0.0.202111181127/tools/bin/../lib/gcc/arm-none-eabi/10.3.1/../../../../arm-none-eabi/lib/thumb/v7e-m+fp/hard\libc_nano.a(lib_a-init.o)
                0x00000000080060e8                __libc_init_array
 .text.memset   0x0000000008006130       0x10 c:/st/stm32cubeide_1.9.0/stm32cubeide/plugins/com.st.stm32cube.ide.mcu.externaltools.gnu-tools-for-stm32.10.3-2021.10.win32_1.0.0.202111181127/tools/bin/../lib/gcc/arm-none-eabi/10.3.1/../../../../arm-none-eabi/lib/thumb/v7e-m+fp/hard\libc_nano.a(lib_a-memset.o)
                0x0000000008006130                memset
 .text.sprintf  0x0000000008006140       0x40 c:/st/stm32cubeide_1.9.0/stm32cubeide/plugins/com.st.stm32cube.ide.mcu.externaltools.gnu-tools-for-stm32.10.3-2021.10.win32_1.0.0.202111181127/tools/bin/../lib/gcc/arm-none-eabi/10.3.1/../../../../arm-none-eabi/lib/thumb/v7e-m+fp/hard\libc_nano.a(lib_a-sprintf.o)
                0x0000000008006140                siprintf
                0x0000000008006140                sprintf
 .text.__ssputs_r
                0x0000000008006180       0xb6 c:/st/stm32cubeide_1.9.0/stm32cubeide/plugins/com.st.stm32cube.ide.mcu.externaltools.gnu-tools-for-stm32.10.3-2021.10.win32_1.0.0.202111181127/tools/bin/../lib/gcc/arm-none-eabi/10.3.1/../../../../arm-none-eabi/lib/thumb/v7e-m+fp/hard\libc_nano.a(lib_a-nano-svfprintf.o)
                0x0000000008006180                __ssputs_r
 *fill*         0x0000000008006236        0x2 
 .text._svfprintf_r
                0x0000000008006238      0x200 c:/st/stm32cubeide_1.9.0/stm32cubeide/plugins/com.st.stm32cube.ide.mcu.externaltools.gnu-tools-for-stm32.10.3-2021.10.win32_1.0.0.202111181127/tools/bin/../lib/gcc/arm-none-eabi/10.3.1/../../../../arm-none-eabi/lib/thumb/v7e-m+fp/hard\libc_nano.a(lib_a-nano-svfprintf.o)
                0x0000000008006238                _svfiprintf_r
                0x0000000008006238                _svfprintf_r
 .text._printf_common
                0x0000000008006438       0xda c:/st/stm32cubeide_1.9.0/stm32cubeide/plugins/com.st.stm32cube.ide.mcu.externaltools.gnu-tools-for-stm32.10.3-2021.10.win32_1.0.0.202111181127/tools/bin/../lib/gcc/arm-none-eabi/10.3.1/../../../../arm-none-eabi/lib/thumb/v7e-m+fp/hard\libc_nano.a(lib_a-nano-vfprintf_i.o)
                0x0000000008006438                _printf_common
 *fill*         0x0000000008006512        0x2 
 .text._printf_i
                0x0000000008006514      0x24c c:/st/stm32cubeide_1.9.0/stm32cubeide/plugins/com.st.stm32cube.ide.mcu.externaltools.gnu-tools-for-stm32.10.3-2021.10.win32_1.0.0.202111181127/tools/bin/../lib/gcc/arm-none-eabi/10.3.1/../../../../arm-none-eabi/lib/thumb/v7e-m+fp/hard\libc_nano.a(lib_a-nano-vfprintf_i.o)
                0x0000000008006514                _printf_i
 .text.memcpy   0x0000000008006760       0x1c c:/st/stm32cubeide_1.9.0/stm32cubeide/plugins/com.st.stm32cube.ide.mcu.externaltools.gnu-tools-for-stm32.10.3-2021.10.win32_1.0.0.202111181127/tools/bin/../lib/gcc/arm-none-eabi/10.3.1/../../../../arm-none-eabi/lib/thumb/v7e-m+fp/hard\libc_nano.a(lib_a-memcpy-stub.o)
                0x0000000008006760                memcpy
 .text.memmove  0x000000000800677c       0x34 c:/st/stm32cubeide_1.9.0/stm32cubeide/plugins/com.st.stm32cube.ide.mcu.externaltools.gnu-tools-for-stm32.10.3-2021.10.win32_1.0.0.202111181127/tools/bin/../lib/gcc/arm-none-eabi/10.3.1/../../../../arm-none-eabi/lib/thumb/v7e-m+fp/hard\libc_nano.a(lib_a-memmove.o)
                0x000000000800677c                memmove
 .text._free_r  0x00000000080067b0       0x98 c:/st/stm32cubeide_1.9.0/stm32cubeide/plugins/com.st.stm32cube.ide.mcu.externaltools.gnu-tools-for-stm32.10.3-2021.10.win32_1.0.0.202111181127/tools/bin/../lib/gcc/arm-none-eabi/10.3.1/../../../../arm-none-eabi/lib/thumb/v7e-m+fp/hard\libc_nano.a(lib_a-nano-freer.o)
                0x00000000080067b0                _free_r
 .text.sbrk_aligned
                0x0000000008006848       0x40 c:/st/stm32cubeide_1.9.0/stm32cubeide/plugins/com.st.stm32cube.ide.mcu.externaltools.gnu-tools-for-stm32.10.3-2021.10.win32_1.0.0.202111181127/tools/bin/../lib/gcc/arm-none-eabi/10.3.1/../../../../arm-none-eabi/lib/thumb/v7e-m+fp/hard\libc_nano.a(lib_a-nano-mallocr.o)
 .text._malloc_r
                0x0000000008006888       0xe8 c:/st/stm32cubeide_1.9.0/stm32cubeide/plugins/com.st.stm32cube.ide.mcu.externaltools.gnu-tools-for-stm32.10.3-2021.10.win32_1.0.0.202111181127/tools/bin/../lib/gcc/arm-none-eabi/10.3.1/../../../../arm-none-eabi/lib/thumb/v7e-m+fp/hard\libc_nano.a(lib_a-nano-mallocr.o)
                0x0000000008006888                _malloc_r
 .text._realloc_r
                0x0000000008006970       0x5e c:/st/stm32cubeide_1.9.0/stm32cubeide/plugins/com.st.stm32cube.ide.mcu.externaltools.gnu-tools-for-stm32.10.3-2021.10.win32_1.0.0.202111181127/tools/bin/../lib/gcc/arm-none-eabi/10.3.1/../../../../arm-none-eabi/lib/thumb/v7e-m+fp/hard\libc_nano.a(lib_a-nano-reallocr.o)
                0x0000000008006970                _realloc_r
 *fill*         0x00000000080069ce        0x2 
 .text._sbrk_r  0x00000000080069d0       0x20 c:/st/stm32cubeide_1.9.0/stm32cubeide/plugins/com.st.stm32cube.ide.mcu.externaltools.gnu-tools-for-stm32.10.3-2021.10.win32_1.0.0.202111181127/tools/bin/../lib/gcc/arm-none-eabi/10.3.1/../../../../arm-none-eabi/lib/thumb/v7e-m+fp/hard\libc_nano.a(lib_a-sbrkr.o)
                0x00000000080069d0                _sbrk_r
 .text.__malloc_lock
                0x00000000080069f0        0xc c:/st/stm32cubeide_1.9.0/stm32cubeide/plugins/com.st.stm32cube.ide.mcu.externaltools.gnu-tools-for-stm32.10.3-2021.10.win32_1.0.0.202111181127/tools/bin/../lib/gcc/arm-none-eabi/10.3.1/../../../../arm-none-eabi/lib/thumb/v7e-m+fp/hard\libc_nano.a(lib_a-mlock.o)
                0x00000000080069f0                __malloc_lock
 .text.__malloc_unlock
                0x00000000080069fc        0xc c:/st/stm32cubeide_1.9.0/stm32cubeide/plugins/com.st.stm32cube.ide.mcu.externaltools.gnu-tools-for-stm32.10.3-2021.10.win32_1.0.0.202111181127/tools/bin/../lib/gcc/arm-none-eabi/10.3.1/../../../../arm-none-eabi/lib/thumb/v7e-m+fp/hard\libc_nano.a(lib_a-mlock.o)
                0x00000000080069fc                __malloc_unlock
 .text._malloc_usable_size_r
                0x0000000008006a08       0x10 c:/st/stm32cubeide_1.9.0/stm32cubeide/plugins/com.st.stm32cube.ide.mcu.externaltools.gnu-tools-for-stm32.10.3-2021.10.win32_1.0.0.202111181127/tools/bin/../lib/gcc/arm-none-eabi/10.3.1/../../../../arm-none-eabi/lib/thumb/v7e-m+fp/hard\libc_nano.a(lib_a-nano-msizer.o)
                0x0000000008006a08                _malloc_usable_size_r
 .text.__retarget_lock_acquire_recursive
                0x0000000008006a18        0x2 c:/st/stm32cubeide_1.9.0/stm32cubeide/plugins/com.st.stm32cube.ide.mcu.externaltools.gnu-tools-for-stm32.10.3-2021.10.win32_1.0.0.202111181127/tools/bin/../lib/gcc/arm-none-eabi/10.3.1/../../../../arm-none-eabi/lib/thumb/v7e-m+fp/hard\libc_nano.a(lib_a-lock.o)
                0x0000000008006a18                __retarget_lock_acquire_recursive
 .text.__retarget_lock_release_recursive
                0x0000000008006a1a        0x2 c:/st/stm32cubeide_1.9.0/stm32cubeide/plugins/com.st.stm32cube.ide.mcu.externaltools.gnu-tools-for-stm32.10.3-2021.10.win32_1.0.0.202111181127/tools/bin/../lib/gcc/arm-none-eabi/10.3.1/../../../../arm-none-eabi/lib/thumb/v7e-m+fp/hard\libc_nano.a(lib_a-lock.o)
                0x0000000008006a1a                __retarget_lock_release_recursive
 *(.glue_7)
 .glue_7        0x0000000008006a1c        0x0 linker stubs
 *(.glue_7t)
 .glue_7t       0x0000000008006a1c        0x0 linker stubs
 *(.eh_frame)
 .eh_frame      0x0000000008006a1c        0x0 c:/st/stm32cubeide_1.9.0/stm32cubeide/plugins/com.st.stm32cube.ide.mcu.externaltools.gnu-tools-for-stm32.10.3-2021.10.win32_1.0.0.202111181127/tools/bin/../lib/gcc/arm-none-eabi/10.3.1/thumb/v7e-m+fp/hard/crtbegin.o
 *(.init)
 .init          0x0000000008006a1c        0x4 c:/st/stm32cubeide_1.9.0/stm32cubeide/plugins/com.st.stm32cube.ide.mcu.externaltools.gnu-tools-for-stm32.10.3-2021.10.win32_1.0.0.202111181127/tools/bin/../lib/gcc/arm-none-eabi/10.3.1/thumb/v7e-m+fp/hard/crti.o
                0x0000000008006a1c                _init
 .init          0x0000000008006a20        0x8 c:/st/stm32cubeide_1.9.0/stm32cubeide/plugins/com.st.stm32cube.ide.mcu.externaltools.gnu-tools-for-stm32.10.3-2021.10.win32_1.0.0.202111181127/tools/bin/../lib/gcc/arm-none-eabi/10.3.1/thumb/v7e-m+fp/hard/crtn.o
 *(.fini)
 .fini          0x0000000008006a28        0x4 c:/st/stm32cubeide_1.9.0/stm32cubeide/plugins/com.st.stm32cube.ide.mcu.externaltools.gnu-tools-for-stm32.10.3-2021.10.win32_1.0.0.202111181127/tools/bin/../lib/gcc/arm-none-eabi/10.3.1/thumb/v7e-m+fp/hard/crti.o
                0x0000000008006a28                _fini
 .fini          0x0000000008006a2c        0x8 c:/st/stm32cubeide_1.9.0/stm32cubeide/plugins/com.st.stm32cube.ide.mcu.externaltools.gnu-tools-for-stm32.10.3-2021.10.win32_1.0.0.202111181127/tools/bin/../lib/gcc/arm-none-eabi/10.3.1/thumb/v7e-m+fp/hard/crtn.o
                0x0000000008006a34                . = ALIGN (0x4)
                0x0000000008006a34                _etext = .

.vfp11_veneer   0x0000000008006a34        0x0
 .vfp11_veneer  0x0000000008006a34        0x0 linker stubs

.v4_bx          0x0000000008006a34        0x0
 .v4_bx         0x0000000008006a34        0x0 linker stubs

.iplt           0x0000000008006a34        0x0
 .iplt          0x0000000008006a34        0x0 c:/st/stm32cubeide_1.9.0/stm32cubeide/plugins/com.st.stm32cube.ide.mcu.externaltools.gnu-tools-for-stm32.10.3-2021.10.win32_1.0.0.202111181127/tools/bin/../lib/gcc/arm-none-eabi/10.3.1/thumb/v7e-m+fp/hard/crtbegin.o

.rodata         0x0000000008006a34      0x11c
                0x0000000008006a34                . = ALIGN (0x4)
 *(.rodata)
 .rodata        0x0000000008006a34       0x1e ./Core/Src/airHumidityTask.o
 *fill*         0x0000000008006a52        0x2 
 .rodata        0x0000000008006a54       0x1c ./Core/Src/airTempTask.o
 .rodata        0x0000000008006a70       0x1c ./Core/Src/batteryTask.o
 .rodata        0x0000000008006a8c       0x10 ./Core/Src/liquidcrystal_i2c.o
 .rodata        0x0000000008006a9c       0x25 ./Core/Src/main.o
 *fill*         0x0000000008006ac1        0x3 
 .rodata        0x0000000008006ac4       0x1e ./Core/Src/moistureTask.o
 *fill*         0x0000000008006ae2        0x2 
 .rodata        0x0000000008006ae4       0x20 ./Core/Src/soilTempTask.o
 *(.rodata*)
 .rodata.AHBPrescTable
                0x0000000008006b04       0x10 ./Core/Src/system_stm32f4xx.o
                0x0000000008006b04                AHBPrescTable
 .rodata.APBPrescTable
                0x0000000008006b14        0x8 ./Core/Src/system_stm32f4xx.o
                0x0000000008006b14                APBPrescTable
 .rodata._svfprintf_r.str1.1
                0x0000000008006b1c       0x11 c:/st/stm32cubeide_1.9.0/stm32cubeide/plugins/com.st.stm32cube.ide.mcu.externaltools.gnu-tools-for-stm32.10.3-2021.10.win32_1.0.0.202111181127/tools/bin/../lib/gcc/arm-none-eabi/10.3.1/../../../../arm-none-eabi/lib/thumb/v7e-m+fp/hard\libc_nano.a(lib_a-nano-svfprintf.o)
 .rodata._printf_i.str1.1
                0x0000000008006b2d       0x22 c:/st/stm32cubeide_1.9.0/stm32cubeide/plugins/com.st.stm32cube.ide.mcu.externaltools.gnu-tools-for-stm32.10.3-2021.10.win32_1.0.0.202111181127/tools/bin/../lib/gcc/arm-none-eabi/10.3.1/../../../../arm-none-eabi/lib/thumb/v7e-m+fp/hard\libc_nano.a(lib_a-nano-vfprintf_i.o)
                0x0000000008006b50                . = ALIGN (0x4)
 *fill*         0x0000000008006b4f        0x1 

.ARM.extab      0x0000000008006b50        0x0
                0x0000000008006b50                . = ALIGN (0x4)
 *(.ARM.extab* .gnu.linkonce.armextab.*)
                0x0000000008006b50                . = ALIGN (0x4)

.ARM            0x0000000008006b50        0x8
                0x0000000008006b50                . = ALIGN (0x4)
                0x0000000008006b50                __exidx_start = .
 *(.ARM.exidx*)
 .ARM.exidx     0x0000000008006b50        0x8 c:/st/stm32cubeide_1.9.0/stm32cubeide/plugins/com.st.stm32cube.ide.mcu.externaltools.gnu-tools-for-stm32.10.3-2021.10.win32_1.0.0.202111181127/tools/bin/../lib/gcc/arm-none-eabi/10.3.1/thumb/v7e-m+fp/hard\libgcc.a(_udivmoddi4.o)
                0x0000000008006b58                __exidx_end = .
                0x0000000008006b58                . = ALIGN (0x4)

.rel.dyn        0x0000000008006b58        0x0
 .rel.iplt      0x0000000008006b58        0x0 c:/st/stm32cubeide_1.9.0/stm32cubeide/plugins/com.st.stm32cube.ide.mcu.externaltools.gnu-tools-for-stm32.10.3-2021.10.win32_1.0.0.202111181127/tools/bin/../lib/gcc/arm-none-eabi/10.3.1/thumb/v7e-m+fp/hard/crtbegin.o

.preinit_array  0x0000000008006b58        0x0
                0x0000000008006b58                . = ALIGN (0x4)
                0x0000000008006b58                PROVIDE (__preinit_array_start = .)
 *(.preinit_array*)
                0x0000000008006b58                PROVIDE (__preinit_array_end = .)
                0x0000000008006b58                . = ALIGN (0x4)

.init_array     0x0000000008006b58        0x4
                0x0000000008006b58                . = ALIGN (0x4)
                0x0000000008006b58                PROVIDE (__init_array_start = .)
 *(SORT_BY_NAME(.init_array.*))
 *(.init_array*)
 .init_array    0x0000000008006b58        0x4 c:/st/stm32cubeide_1.9.0/stm32cubeide/plugins/com.st.stm32cube.ide.mcu.externaltools.gnu-tools-for-stm32.10.3-2021.10.win32_1.0.0.202111181127/tools/bin/../lib/gcc/arm-none-eabi/10.3.1/thumb/v7e-m+fp/hard/crtbegin.o
                0x0000000008006b5c                PROVIDE (__init_array_end = .)
                0x0000000008006b5c                . = ALIGN (0x4)

.fini_array     0x0000000008006b5c        0x4
                0x0000000008006b5c                . = ALIGN (0x4)
                [!provide]                        PROVIDE (__fini_array_start = .)
 *(SORT_BY_NAME(.fini_array.*))
 *(.fini_array*)
 .fini_array    0x0000000008006b5c        0x4 c:/st/stm32cubeide_1.9.0/stm32cubeide/plugins/com.st.stm32cube.ide.mcu.externaltools.gnu-tools-for-stm32.10.3-2021.10.win32_1.0.0.202111181127/tools/bin/../lib/gcc/arm-none-eabi/10.3.1/thumb/v7e-m+fp/hard/crtbegin.o
                [!provide]                        PROVIDE (__fini_array_end = .)
                0x0000000008006b60                . = ALIGN (0x4)
                0x0000000008006b60                _sidata = LOADADDR (.data)

.data           0x0000000020000000       0x80 load address 0x0000000008006b60
                0x0000000020000000                . = ALIGN (0x4)
                0x0000000020000000                _sdata = .
 *(.data)
 *(.data*)
 .data.special1
                0x0000000020000000        0x8 ./Core/Src/liquidcrystal_i2c.o
                0x0000000020000000                special1
 .data.special2
                0x0000000020000008        0x8 ./Core/Src/liquidcrystal_i2c.o
                0x0000000020000008                special2
 .data.SystemCoreClock
                0x0000000020000010        0x4 ./Core/Src/system_stm32f4xx.o
                0x0000000020000010                SystemCoreClock
 .data.uwTickPrio
                0x0000000020000014        0x4 ./Drivers/STM32F4xx_HAL_Driver/Src/stm32f4xx_hal.o
                0x0000000020000014                uwTickPrio
 .data.uwTickFreq
                0x0000000020000018        0x1 ./Drivers/STM32F4xx_HAL_Driver/Src/stm32f4xx_hal.o
                0x0000000020000018                uwTickFreq
 *fill*         0x0000000020000019        0x3 
 .data._impure_ptr
                0x000000002000001c        0x4 c:/st/stm32cubeide_1.9.0/stm32cubeide/plugins/com.st.stm32cube.ide.mcu.externaltools.gnu-tools-for-stm32.10.3-2021.10.win32_1.0.0.202111181127/tools/bin/../lib/gcc/arm-none-eabi/10.3.1/../../../../arm-none-eabi/lib/thumb/v7e-m+fp/hard\libc_nano.a(lib_a-impure.o)
                0x000000002000001c                _impure_ptr
 .data.impure_data
                0x0000000020000020       0x60 c:/st/stm32cubeide_1.9.0/stm32cubeide/plugins/com.st.stm32cube.ide.mcu.externaltools.gnu-tools-for-stm32.10.3-2021.10.win32_1.0.0.202111181127/tools/bin/../lib/gcc/arm-none-eabi/10.3.1/../../../../arm-none-eabi/lib/thumb/v7e-m+fp/hard\libc_nano.a(lib_a-impure.o)
 *(.RamFunc)
 *(.RamFunc*)
                0x0000000020000080                . = ALIGN (0x4)
                0x0000000020000080                _edata = .

.igot.plt       0x0000000020000080        0x0 load address 0x0000000008006be0
 .igot.plt      0x0000000020000080        0x0 c:/st/stm32cubeide_1.9.0/stm32cubeide/plugins/com.st.stm32cube.ide.mcu.externaltools.gnu-tools-for-stm32.10.3-2021.10.win32_1.0.0.202111181127/tools/bin/../lib/gcc/arm-none-eabi/10.3.1/thumb/v7e-m+fp/hard/crtbegin.o
                0x0000000020000080                . = ALIGN (0x4)

.bss            0x0000000020000080      0x208 load address 0x0000000008006be0
                0x0000000020000080                _sbss = .
                0x0000000020000080                __bss_start__ = _sbss
 *(.bss)
 .bss           0x0000000020000080       0x1c c:/st/stm32cubeide_1.9.0/stm32cubeide/plugins/com.st.stm32cube.ide.mcu.externaltools.gnu-tools-for-stm32.10.3-2021.10.win32_1.0.0.202111181127/tools/bin/../lib/gcc/arm-none-eabi/10.3.1/thumb/v7e-m+fp/hard/crtbegin.o
 *(.bss*)
 .bss.Rh_byte1  0x000000002000009c        0x1 ./Core/Src/airHumidityTask.o
                0x000000002000009c                Rh_byte1
 .bss.Rh_byte2  0x000000002000009d        0x1 ./Core/Src/airHumidityTask.o
                0x000000002000009d                Rh_byte2
 .bss.Temp_byte1
                0x000000002000009e        0x1 ./Core/Src/airHumidityTask.o
                0x000000002000009e                Temp_byte1
 .bss.Temp_byte2
                0x000000002000009f        0x1 ./Core/Src/airHumidityTask.o
                0x000000002000009f                Temp_byte2
 .bss.airTemp   0x00000000200000a0        0x1 ./Core/Src/airTempTask.o
                0x00000000200000a0                airTemp
 .bss.airTemp_byte1
                0x00000000200000a1        0x1 ./Core/Src/airTempTask.o
                0x00000000200000a1                airTemp_byte1
 .bss.airTemp_byte2
                0x00000000200000a2        0x1 ./Core/Src/airTempTask.o
                0x00000000200000a2                airTemp_byte2
 *fill*         0x00000000200000a3        0x1 
 .bss.adcValue2
                0x00000000200000a4        0x4 ./Core/Src/batteryTask.o
                0x00000000200000a4                adcValue2
 .bss.voltage   0x00000000200000a8        0x1 ./Core/Src/batteryTask.o
                0x00000000200000a8                voltage
 .bss.dpFunction
                0x00000000200000a9        0x1 ./Core/Src/liquidcrystal_i2c.o
                0x00000000200000a9                dpFunction
 .bss.dpControl
                0x00000000200000aa        0x1 ./Core/Src/liquidcrystal_i2c.o
                0x00000000200000aa                dpControl
 .bss.dpMode    0x00000000200000ab        0x1 ./Core/Src/liquidcrystal_i2c.o
                0x00000000200000ab                dpMode
 .bss.dpRows    0x00000000200000ac        0x1 ./Core/Src/liquidcrystal_i2c.o
                0x00000000200000ac                dpRows
 .bss.dpBacklight
                0x00000000200000ad        0x1 ./Core/Src/liquidcrystal_i2c.o
                0x00000000200000ad                dpBacklight
 *fill*         0x00000000200000ae        0x2 
 .bss.hadc1     0x00000000200000b0       0x48 ./Core/Src/main.o
                0x00000000200000b0                hadc1
 .bss.hi2c1     0x00000000200000f8       0x54 ./Core/Src/main.o
                0x00000000200000f8                hi2c1
 .bss.hspi1     0x000000002000014c       0x58 ./Core/Src/main.o
                0x000000002000014c                hspi1
 .bss.htim1     0x00000000200001a4       0x48 ./Core/Src/main.o
                0x00000000200001a4                htim1
 .bss.huart1    0x00000000200001ec       0x44 ./Core/Src/main.o
                0x00000000200001ec                huart1
 .bss.myLoRa    0x0000000020000230       0x2c ./Core/Src/main.o
                0x0000000020000230                myLoRa
 .bss.read_data
                0x000000002000025c        0x1 ./Core/Src/main.o
                0x000000002000025c                read_data
 .bss.send_add  0x000000002000025d        0x1 ./Core/Src/main.o
                0x000000002000025d                send_add
 .bss.soiltempSensor
                0x000000002000025e        0x1 ./Core/Src/main.o
                0x000000002000025e                soiltempSensor
 .bss.soilmoistSensor
                0x000000002000025f        0x1 ./Core/Src/main.o
                0x000000002000025f                soilmoistSensor
 .bss.airtempSensor
                0x0000000020000260        0x1 ./Core/Src/main.o
                0x0000000020000260                airtempSensor
 .bss.airhumiditySensor
                0x0000000020000261        0x1 ./Core/Src/main.o
                0x0000000020000261                airhumiditySensor
 .bss.batterySensor
                0x0000000020000262        0x1 ./Core/Src/main.o
                0x0000000020000262                batterySensor
 *fill*         0x0000000020000263        0x1 
 .bss.moisture  0x0000000020000264        0x4 ./Core/Src/moistureTask.o
                0x0000000020000264                moisture
 .bss.adcValue1
                0x0000000020000268        0x4 ./Core/Src/moistureTask.o
                0x0000000020000268                adcValue1
 .bss.soilTemp  0x000000002000026c        0x1 ./Core/Src/soilTempTask.o
                0x000000002000026c                soilTemp
 .bss.soil_byte1
                0x000000002000026d        0x1 ./Core/Src/soilTempTask.o
                0x000000002000026d                soil_byte1
 .bss.soil_byte2
                0x000000002000026e        0x1 ./Core/Src/soilTempTask.o
                0x000000002000026e                soil_byte2
 *fill*         0x000000002000026f        0x1 
 .bss.__sbrk_heap_end
                0x0000000020000270        0x4 ./Core/Src/sysmem.o
 .bss.uwTick    0x0000000020000274        0x4 ./Drivers/STM32F4xx_HAL_Driver/Src/stm32f4xx_hal.o
                0x0000000020000274                uwTick
 .bss.__malloc_free_list
                0x0000000020000278        0x4 c:/st/stm32cubeide_1.9.0/stm32cubeide/plugins/com.st.stm32cube.ide.mcu.externaltools.gnu-tools-for-stm32.10.3-2021.10.win32_1.0.0.202111181127/tools/bin/../lib/gcc/arm-none-eabi/10.3.1/../../../../arm-none-eabi/lib/thumb/v7e-m+fp/hard\libc_nano.a(lib_a-nano-mallocr.o)
                0x0000000020000278                __malloc_free_list
 .bss.__malloc_sbrk_start
                0x000000002000027c        0x4 c:/st/stm32cubeide_1.9.0/stm32cubeide/plugins/com.st.stm32cube.ide.mcu.externaltools.gnu-tools-for-stm32.10.3-2021.10.win32_1.0.0.202111181127/tools/bin/../lib/gcc/arm-none-eabi/10.3.1/../../../../arm-none-eabi/lib/thumb/v7e-m+fp/hard\libc_nano.a(lib_a-nano-mallocr.o)
                0x000000002000027c                __malloc_sbrk_start
 .bss.errno     0x0000000020000280        0x4 c:/st/stm32cubeide_1.9.0/stm32cubeide/plugins/com.st.stm32cube.ide.mcu.externaltools.gnu-tools-for-stm32.10.3-2021.10.win32_1.0.0.202111181127/tools/bin/../lib/gcc/arm-none-eabi/10.3.1/../../../../arm-none-eabi/lib/thumb/v7e-m+fp/hard\libc_nano.a(lib_a-reent.o)
                0x0000000020000280                errno
 .bss.__lock___malloc_recursive_mutex
                0x0000000020000284        0x1 c:/st/stm32cubeide_1.9.0/stm32cubeide/plugins/com.st.stm32cube.ide.mcu.externaltools.gnu-tools-for-stm32.10.3-2021.10.win32_1.0.0.202111181127/tools/bin/../lib/gcc/arm-none-eabi/10.3.1/../../../../arm-none-eabi/lib/thumb/v7e-m+fp/hard\libc_nano.a(lib_a-lock.o)
                0x0000000020000284                __lock___malloc_recursive_mutex
 *(COMMON)
                0x0000000020000288                . = ALIGN (0x4)
 *fill*         0x0000000020000285        0x3 
                0x0000000020000288                _ebss = .
                0x0000000020000288                __bss_end__ = _ebss

._user_heap_stack
                0x0000000020000288      0x600 load address 0x0000000008006be0
                0x0000000020000288                . = ALIGN (0x8)
                [!provide]                        PROVIDE (end = .)
                0x0000000020000288                PROVIDE (_end = .)
                0x0000000020000488                . = (. + _Min_Heap_Size)
 *fill*         0x0000000020000288      0x200 
                0x0000000020000888                . = (. + _Min_Stack_Size)
 *fill*         0x0000000020000488      0x400 
                0x0000000020000888                . = ALIGN (0x8)

/DISCARD/
 libc.a(*)
 libm.a(*)
 libgcc.a(*)

.ARM.attributes
                0x0000000000000000       0x30
 *(.ARM.attributes)
 .ARM.attributes
                0x0000000000000000       0x1e c:/st/stm32cubeide_1.9.0/stm32cubeide/plugins/com.st.stm32cube.ide.mcu.externaltools.gnu-tools-for-stm32.10.3-2021.10.win32_1.0.0.202111181127/tools/bin/../lib/gcc/arm-none-eabi/10.3.1/thumb/v7e-m+fp/hard/crti.o
 .ARM.attributes
                0x000000000000001e       0x34 c:/st/stm32cubeide_1.9.0/stm32cubeide/plugins/com.st.stm32cube.ide.mcu.externaltools.gnu-tools-for-stm32.10.3-2021.10.win32_1.0.0.202111181127/tools/bin/../lib/gcc/arm-none-eabi/10.3.1/thumb/v7e-m+fp/hard/crtbegin.o
 .ARM.attributes
                0x0000000000000052       0x34 ./Core/Src/LoRa.o
 .ARM.attributes
                0x0000000000000086       0x34 ./Core/Src/airHumidityTask.o
 .ARM.attributes
                0x00000000000000ba       0x34 ./Core/Src/airTempTask.o
 .ARM.attributes
                0x00000000000000ee       0x34 ./Core/Src/batteryTask.o
 .ARM.attributes
                0x0000000000000122       0x34 ./Core/Src/liquidcrystal_i2c.o
 .ARM.attributes
                0x0000000000000156       0x34 ./Core/Src/main.o
 .ARM.attributes
                0x000000000000018a       0x34 ./Core/Src/moistureTask.o
 .ARM.attributes
                0x00000000000001be       0x34 ./Core/Src/soilTempTask.o
 .ARM.attributes
                0x00000000000001f2       0x34 ./Core/Src/stm32f4xx_hal_msp.o
 .ARM.attributes
                0x0000000000000226       0x34 ./Core/Src/stm32f4xx_it.o
 .ARM.attributes
                0x000000000000025a       0x34 ./Core/Src/sysmem.o
 .ARM.attributes
                0x000000000000028e       0x34 ./Core/Src/system_stm32f4xx.o
 .ARM.attributes
                0x00000000000002c2       0x21 ./Core/Startup/startup_stm32f411retx.o
 .ARM.attributes
                0x00000000000002e3       0x34 ./Drivers/STM32F4xx_HAL_Driver/Src/stm32f4xx_hal.o
 .ARM.attributes
                0x0000000000000317       0x34 ./Drivers/STM32F4xx_HAL_Driver/Src/stm32f4xx_hal_adc.o
 .ARM.attributes
                0x000000000000034b       0x34 ./Drivers/STM32F4xx_HAL_Driver/Src/stm32f4xx_hal_cortex.o
 .ARM.attributes
                0x000000000000037f       0x34 ./Drivers/STM32F4xx_HAL_Driver/Src/stm32f4xx_hal_gpio.o
 .ARM.attributes
                0x00000000000003b3       0x34 ./Drivers/STM32F4xx_HAL_Driver/Src/stm32f4xx_hal_i2c.o
 .ARM.attributes
                0x00000000000003e7       0x34 ./Drivers/STM32F4xx_HAL_Driver/Src/stm32f4xx_hal_rcc.o
 .ARM.attributes
                0x000000000000041b       0x34 ./Drivers/STM32F4xx_HAL_Driver/Src/stm32f4xx_hal_spi.o
 .ARM.attributes
                0x000000000000044f       0x34 ./Drivers/STM32F4xx_HAL_Driver/Src/stm32f4xx_hal_tim.o
 .ARM.attributes
                0x0000000000000483       0x34 ./Drivers/STM32F4xx_HAL_Driver/Src/stm32f4xx_hal_tim_ex.o
 .ARM.attributes
                0x00000000000004b7       0x34 ./Drivers/STM32F4xx_HAL_Driver/Src/stm32f4xx_hal_uart.o
 .ARM.attributes
                0x00000000000004eb       0x34 c:/st/stm32cubeide_1.9.0/stm32cubeide/plugins/com.st.stm32cube.ide.mcu.externaltools.gnu-tools-for-stm32.10.3-2021.10.win32_1.0.0.202111181127/tools/bin/../lib/gcc/arm-none-eabi/10.3.1/../../../../arm-none-eabi/lib/thumb/v7e-m+fp/hard\libc_nano.a(lib_a-errno.o)
 .ARM.attributes
                0x000000000000051f       0x34 c:/st/stm32cubeide_1.9.0/stm32cubeide/plugins/com.st.stm32cube.ide.mcu.externaltools.gnu-tools-for-stm32.10.3-2021.10.win32_1.0.0.202111181127/tools/bin/../lib/gcc/arm-none-eabi/10.3.1/../../../../arm-none-eabi/lib/thumb/v7e-m+fp/hard\libc_nano.a(lib_a-impure.o)
 .ARM.attributes
                0x0000000000000553       0x34 c:/st/stm32cubeide_1.9.0/stm32cubeide/plugins/com.st.stm32cube.ide.mcu.externaltools.gnu-tools-for-stm32.10.3-2021.10.win32_1.0.0.202111181127/tools/bin/../lib/gcc/arm-none-eabi/10.3.1/../../../../arm-none-eabi/lib/thumb/v7e-m+fp/hard\libc_nano.a(lib_a-init.o)
 .ARM.attributes
                0x0000000000000587       0x34 c:/st/stm32cubeide_1.9.0/stm32cubeide/plugins/com.st.stm32cube.ide.mcu.externaltools.gnu-tools-for-stm32.10.3-2021.10.win32_1.0.0.202111181127/tools/bin/../lib/gcc/arm-none-eabi/10.3.1/../../../../arm-none-eabi/lib/thumb/v7e-m+fp/hard\libc_nano.a(lib_a-memset.o)
 .ARM.attributes
                0x00000000000005bb       0x34 c:/st/stm32cubeide_1.9.0/stm32cubeide/plugins/com.st.stm32cube.ide.mcu.externaltools.gnu-tools-for-stm32.10.3-2021.10.win32_1.0.0.202111181127/tools/bin/../lib/gcc/arm-none-eabi/10.3.1/../../../../arm-none-eabi/lib/thumb/v7e-m+fp/hard\libc_nano.a(lib_a-sprintf.o)
 .ARM.attributes
                0x00000000000005ef       0x34 c:/st/stm32cubeide_1.9.0/stm32cubeide/plugins/com.st.stm32cube.ide.mcu.externaltools.gnu-tools-for-stm32.10.3-2021.10.win32_1.0.0.202111181127/tools/bin/../lib/gcc/arm-none-eabi/10.3.1/../../../../arm-none-eabi/lib/thumb/v7e-m+fp/hard\libc_nano.a(lib_a-nano-svfprintf.o)
 .ARM.attributes
                0x0000000000000623       0x34 c:/st/stm32cubeide_1.9.0/stm32cubeide/plugins/com.st.stm32cube.ide.mcu.externaltools.gnu-tools-for-stm32.10.3-2021.10.win32_1.0.0.202111181127/tools/bin/../lib/gcc/arm-none-eabi/10.3.1/../../../../arm-none-eabi/lib/thumb/v7e-m+fp/hard\libc_nano.a(lib_a-nano-vfprintf_i.o)
 .ARM.attributes
                0x0000000000000657       0x1c c:/st/stm32cubeide_1.9.0/stm32cubeide/plugins/com.st.stm32cube.ide.mcu.externaltools.gnu-tools-for-stm32.10.3-2021.10.win32_1.0.0.202111181127/tools/bin/../lib/gcc/arm-none-eabi/10.3.1/../../../../arm-none-eabi/lib/thumb/v7e-m+fp/hard\libc_nano.a(lib_a-memchr.o)
 .ARM.attributes
                0x0000000000000673       0x34 c:/st/stm32cubeide_1.9.0/stm32cubeide/plugins/com.st.stm32cube.ide.mcu.externaltools.gnu-tools-for-stm32.10.3-2021.10.win32_1.0.0.202111181127/tools/bin/../lib/gcc/arm-none-eabi/10.3.1/../../../../arm-none-eabi/lib/thumb/v7e-m+fp/hard\libc_nano.a(lib_a-memcpy-stub.o)
 .ARM.attributes
                0x00000000000006a7       0x34 c:/st/stm32cubeide_1.9.0/stm32cubeide/plugins/com.st.stm32cube.ide.mcu.externaltools.gnu-tools-for-stm32.10.3-2021.10.win32_1.0.0.202111181127/tools/bin/../lib/gcc/arm-none-eabi/10.3.1/../../../../arm-none-eabi/lib/thumb/v7e-m+fp/hard\libc_nano.a(lib_a-memmove.o)
 .ARM.attributes
                0x00000000000006db       0x34 c:/st/stm32cubeide_1.9.0/stm32cubeide/plugins/com.st.stm32cube.ide.mcu.externaltools.gnu-tools-for-stm32.10.3-2021.10.win32_1.0.0.202111181127/tools/bin/../lib/gcc/arm-none-eabi/10.3.1/../../../../arm-none-eabi/lib/thumb/v7e-m+fp/hard\libc_nano.a(lib_a-nano-freer.o)
 .ARM.attributes
                0x000000000000070f       0x34 c:/st/stm32cubeide_1.9.0/stm32cubeide/plugins/com.st.stm32cube.ide.mcu.externaltools.gnu-tools-for-stm32.10.3-2021.10.win32_1.0.0.202111181127/tools/bin/../lib/gcc/arm-none-eabi/10.3.1/../../../../arm-none-eabi/lib/thumb/v7e-m+fp/hard\libc_nano.a(lib_a-nano-mallocr.o)
 .ARM.attributes
                0x0000000000000743       0x34 c:/st/stm32cubeide_1.9.0/stm32cubeide/plugins/com.st.stm32cube.ide.mcu.externaltools.gnu-tools-for-stm32.10.3-2021.10.win32_1.0.0.202111181127/tools/bin/../lib/gcc/arm-none-eabi/10.3.1/../../../../arm-none-eabi/lib/thumb/v7e-m+fp/hard\libc_nano.a(lib_a-nano-reallocr.o)
 .ARM.attributes
                0x0000000000000777       0x34 c:/st/stm32cubeide_1.9.0/stm32cubeide/plugins/com.st.stm32cube.ide.mcu.externaltools.gnu-tools-for-stm32.10.3-2021.10.win32_1.0.0.202111181127/tools/bin/../lib/gcc/arm-none-eabi/10.3.1/../../../../arm-none-eabi/lib/thumb/v7e-m+fp/hard\libc_nano.a(lib_a-sbrkr.o)
 .ARM.attributes
                0x00000000000007ab       0x34 c:/st/stm32cubeide_1.9.0/stm32cubeide/plugins/com.st.stm32cube.ide.mcu.externaltools.gnu-tools-for-stm32.10.3-2021.10.win32_1.0.0.202111181127/tools/bin/../lib/gcc/arm-none-eabi/10.3.1/../../../../arm-none-eabi/lib/thumb/v7e-m+fp/hard\libc_nano.a(lib_a-mlock.o)
 .ARM.attributes
                0x00000000000007df       0x34 c:/st/stm32cubeide_1.9.0/stm32cubeide/plugins/com.st.stm32cube.ide.mcu.externaltools.gnu-tools-for-stm32.10.3-2021.10.win32_1.0.0.202111181127/tools/bin/../lib/gcc/arm-none-eabi/10.3.1/../../../../arm-none-eabi/lib/thumb/v7e-m+fp/hard\libc_nano.a(lib_a-nano-msizer.o)
 .ARM.attributes
                0x0000000000000813       0x34 c:/st/stm32cubeide_1.9.0/stm32cubeide/plugins/com.st.stm32cube.ide.mcu.externaltools.gnu-tools-for-stm32.10.3-2021.10.win32_1.0.0.202111181127/tools/bin/../lib/gcc/arm-none-eabi/10.3.1/../../../../arm-none-eabi/lib/thumb/v7e-m+fp/hard\libc_nano.a(lib_a-reent.o)
 .ARM.attributes
                0x0000000000000847       0x34 c:/st/stm32cubeide_1.9.0/stm32cubeide/plugins/com.st.stm32cube.ide.mcu.externaltools.gnu-tools-for-stm32.10.3-2021.10.win32_1.0.0.202111181127/tools/bin/../lib/gcc/arm-none-eabi/10.3.1/../../../../arm-none-eabi/lib/thumb/v7e-m+fp/hard\libc_nano.a(lib_a-lock.o)
 .ARM.attributes
                0x000000000000087b       0x1e c:/st/stm32cubeide_1.9.0/stm32cubeide/plugins/com.st.stm32cube.ide.mcu.externaltools.gnu-tools-for-stm32.10.3-2021.10.win32_1.0.0.202111181127/tools/bin/../lib/gcc/arm-none-eabi/10.3.1/thumb/v7e-m+fp/hard\libgcc.a(_arm_muldf3.o)
 .ARM.attributes
                0x0000000000000899       0x1e c:/st/stm32cubeide_1.9.0/stm32cubeide/plugins/com.st.stm32cube.ide.mcu.externaltools.gnu-tools-for-stm32.10.3-2021.10.win32_1.0.0.202111181127/tools/bin/../lib/gcc/arm-none-eabi/10.3.1/thumb/v7e-m+fp/hard\libgcc.a(_arm_addsubdf3.o)
 .ARM.attributes
                0x00000000000008b7       0x1e c:/st/stm32cubeide_1.9.0/stm32cubeide/plugins/com.st.stm32cube.ide.mcu.externaltools.gnu-tools-for-stm32.10.3-2021.10.win32_1.0.0.202111181127/tools/bin/../lib/gcc/arm-none-eabi/10.3.1/thumb/v7e-m+fp/hard\libgcc.a(_arm_fixunsdfsi.o)
 .ARM.attributes
                0x00000000000008d5       0x1e c:/st/stm32cubeide_1.9.0/stm32cubeide/plugins/com.st.stm32cube.ide.mcu.externaltools.gnu-tools-for-stm32.10.3-2021.10.win32_1.0.0.202111181127/tools/bin/../lib/gcc/arm-none-eabi/10.3.1/thumb/v7e-m+fp/hard\libgcc.a(_aeabi_uldivmod.o)
 .ARM.attributes
                0x00000000000008f3       0x34 c:/st/stm32cubeide_1.9.0/stm32cubeide/plugins/com.st.stm32cube.ide.mcu.externaltools.gnu-tools-for-stm32.10.3-2021.10.win32_1.0.0.202111181127/tools/bin/../lib/gcc/arm-none-eabi/10.3.1/thumb/v7e-m+fp/hard\libgcc.a(_udivmoddi4.o)
 .ARM.attributes
                0x0000000000000927       0x1e c:/st/stm32cubeide_1.9.0/stm32cubeide/plugins/com.st.stm32cube.ide.mcu.externaltools.gnu-tools-for-stm32.10.3-2021.10.win32_1.0.0.202111181127/tools/bin/../lib/gcc/arm-none-eabi/10.3.1/thumb/v7e-m+fp/hard\libgcc.a(_dvmd_tls.o)
 .ARM.attributes
                0x0000000000000945       0x1e c:/st/stm32cubeide_1.9.0/stm32cubeide/plugins/com.st.stm32cube.ide.mcu.externaltools.gnu-tools-for-stm32.10.3-2021.10.win32_1.0.0.202111181127/tools/bin/../lib/gcc/arm-none-eabi/10.3.1/thumb/v7e-m+fp/hard/crtn.o
OUTPUT(TxNode1_BareMetal.elf elf32-littlearm)
LOAD linker stubs
LOAD c:/st/stm32cubeide_1.9.0/stm32cubeide/plugins/com.st.stm32cube.ide.mcu.externaltools.gnu-tools-for-stm32.10.3-2021.10.win32_1.0.0.202111181127/tools/bin/../lib/gcc/arm-none-eabi/10.3.1/../../../../arm-none-eabi/lib/thumb/v7e-m+fp/hard\libc.a
LOAD c:/st/stm32cubeide_1.9.0/stm32cubeide/plugins/com.st.stm32cube.ide.mcu.externaltools.gnu-tools-for-stm32.10.3-2021.10.win32_1.0.0.202111181127/tools/bin/../lib/gcc/arm-none-eabi/10.3.1/../../../../arm-none-eabi/lib/thumb/v7e-m+fp/hard\libm.a
LOAD c:/st/stm32cubeide_1.9.0/stm32cubeide/plugins/com.st.stm32cube.ide.mcu.externaltools.gnu-tools-for-stm32.10.3-2021.10.win32_1.0.0.202111181127/tools/bin/../lib/gcc/arm-none-eabi/10.3.1/thumb/v7e-m+fp/hard\libgcc.a

.debug_info     0x0000000000000000    0x15831
 .debug_info    0x0000000000000000      0xe47 ./Core/Src/LoRa.o
 .debug_info    0x0000000000000e47      0x474 ./Core/Src/airHumidityTask.o
 .debug_info    0x00000000000012bb      0x481 ./Core/Src/airTempTask.o
 .debug_info    0x000000000000173c      0x715 ./Core/Src/batteryTask.o
 .debug_info    0x0000000000001e51      0xcfa ./Core/Src/liquidcrystal_i2c.o
 .debug_info    0x0000000000002b4b     0x1ce3 ./Core/Src/main.o
 .debug_info    0x000000000000482e      0x715 ./Core/Src/moistureTask.o
 .debug_info    0x0000000000004f43      0x481 ./Core/Src/soilTempTask.o
 .debug_info    0x00000000000053c4     0x16ae ./Core/Src/stm32f4xx_hal_msp.o
 .debug_info    0x0000000000006a72      0x121 ./Core/Src/stm32f4xx_it.o
 .debug_info    0x0000000000006b93      0x171 ./Core/Src/sysmem.o
 .debug_info    0x0000000000006d04      0x54f ./Core/Src/system_stm32f4xx.o
 .debug_info    0x0000000000007253       0x22 ./Core/Startup/startup_stm32f411retx.o
 .debug_info    0x0000000000007275      0x90d ./Drivers/STM32F4xx_HAL_Driver/Src/stm32f4xx_hal.o
 .debug_info    0x0000000000007b82      0xd68 ./Drivers/STM32F4xx_HAL_Driver/Src/stm32f4xx_hal_adc.o
 .debug_info    0x00000000000088ea      0xd8b ./Drivers/STM32F4xx_HAL_Driver/Src/stm32f4xx_hal_cortex.o
 .debug_info    0x0000000000009675      0x78e ./Drivers/STM32F4xx_HAL_Driver/Src/stm32f4xx_hal_gpio.o
 .debug_info    0x0000000000009e03     0x260f ./Drivers/STM32F4xx_HAL_Driver/Src/stm32f4xx_hal_i2c.o
 .debug_info    0x000000000000c412      0x98d ./Drivers/STM32F4xx_HAL_Driver/Src/stm32f4xx_hal_rcc.o
 .debug_info    0x000000000000cd9f     0x1750 ./Drivers/STM32F4xx_HAL_Driver/Src/stm32f4xx_hal_spi.o
 .debug_info    0x000000000000e4ef     0x2bb6 ./Drivers/STM32F4xx_HAL_Driver/Src/stm32f4xx_hal_tim.o
 .debug_info    0x00000000000110a5     0x15d8 ./Drivers/STM32F4xx_HAL_Driver/Src/stm32f4xx_hal_tim_ex.o
 .debug_info    0x000000000001267d     0x31b4 ./Drivers/STM32F4xx_HAL_Driver/Src/stm32f4xx_hal_uart.o

.debug_abbrev   0x0000000000000000     0x2e74
 .debug_abbrev  0x0000000000000000      0x25a ./Core/Src/LoRa.o
 .debug_abbrev  0x000000000000025a      0x20d ./Core/Src/airHumidityTask.o
 .debug_abbrev  0x0000000000000467      0x1fc ./Core/Src/airTempTask.o
 .debug_abbrev  0x0000000000000663      0x199 ./Core/Src/batteryTask.o
 .debug_abbrev  0x00000000000007fc      0x2cd ./Core/Src/liquidcrystal_i2c.o
 .debug_abbrev  0x0000000000000ac9      0x2f2 ./Core/Src/main.o
 .debug_abbrev  0x0000000000000dbb      0x199 ./Core/Src/moistureTask.o
 .debug_abbrev  0x0000000000000f54      0x1fc ./Core/Src/soilTempTask.o
 .debug_abbrev  0x0000000000001150      0x208 ./Core/Src/stm32f4xx_hal_msp.o
 .debug_abbrev  0x0000000000001358       0x74 ./Core/Src/stm32f4xx_it.o
 .debug_abbrev  0x00000000000013cc       0xbb ./Core/Src/sysmem.o
 .debug_abbrev  0x0000000000001487      0x116 ./Core/Src/system_stm32f4xx.o
 .debug_abbrev  0x000000000000159d       0x12 ./Core/Startup/startup_stm32f411retx.o
 .debug_abbrev  0x00000000000015af      0x23e ./Drivers/STM32F4xx_HAL_Driver/Src/stm32f4xx_hal.o
 .debug_abbrev  0x00000000000017ed      0x204 ./Drivers/STM32F4xx_HAL_Driver/Src/stm32f4xx_hal_adc.o
 .debug_abbrev  0x00000000000019f1      0x316 ./Drivers/STM32F4xx_HAL_Driver/Src/stm32f4xx_hal_cortex.o
 .debug_abbrev  0x0000000000001d07      0x1c4 ./Drivers/STM32F4xx_HAL_Driver/Src/stm32f4xx_hal_gpio.o
 .debug_abbrev  0x0000000000001ecb      0x2a8 ./Drivers/STM32F4xx_HAL_Driver/Src/stm32f4xx_hal_i2c.o
 .debug_abbrev  0x0000000000002173      0x2aa ./Drivers/STM32F4xx_HAL_Driver/Src/stm32f4xx_hal_rcc.o
 .debug_abbrev  0x000000000000241d      0x26e ./Drivers/STM32F4xx_HAL_Driver/Src/stm32f4xx_hal_spi.o
 .debug_abbrev  0x000000000000268b      0x26e ./Drivers/STM32F4xx_HAL_Driver/Src/stm32f4xx_hal_tim.o
 .debug_abbrev  0x00000000000028f9      0x276 ./Drivers/STM32F4xx_HAL_Driver/Src/stm32f4xx_hal_tim_ex.o
 .debug_abbrev  0x0000000000002b6f      0x305 ./Drivers/STM32F4xx_HAL_Driver/Src/stm32f4xx_hal_uart.o

.debug_aranges  0x0000000000000000     0x1408
 .debug_aranges
                0x0000000000000000       0xb0 ./Core/Src/LoRa.o
 .debug_aranges
                0x00000000000000b0       0x48 ./Core/Src/airHumidityTask.o
 .debug_aranges
                0x00000000000000f8       0x48 ./Core/Src/airTempTask.o
 .debug_aranges
                0x0000000000000140       0x20 ./Core/Src/batteryTask.o
 .debug_aranges
                0x0000000000000160      0x110 ./Core/Src/liquidcrystal_i2c.o
 .debug_aranges
                0x0000000000000270       0x78 ./Core/Src/main.o
 .debug_aranges
                0x00000000000002e8       0x20 ./Core/Src/moistureTask.o
 .debug_aranges
                0x0000000000000308       0x48 ./Core/Src/soilTempTask.o
 .debug_aranges
                0x0000000000000350       0x70 ./Core/Src/stm32f4xx_hal_msp.o
 .debug_aranges
                0x00000000000003c0       0x60 ./Core/Src/stm32f4xx_it.o
 .debug_aranges
                0x0000000000000420       0x20 ./Core/Src/sysmem.o
 .debug_aranges
                0x0000000000000440       0x28 ./Core/Src/system_stm32f4xx.o
 .debug_aranges
                0x0000000000000468       0x28 ./Core/Startup/startup_stm32f411retx.o
 .debug_aranges
                0x0000000000000490       0xf0 ./Drivers/STM32F4xx_HAL_Driver/Src/stm32f4xx_hal.o
 .debug_aranges
                0x0000000000000580       0xe8 ./Drivers/STM32F4xx_HAL_Driver/Src/stm32f4xx_hal_adc.o
 .debug_aranges
                0x0000000000000668      0x118 ./Drivers/STM32F4xx_HAL_Driver/Src/stm32f4xx_hal_cortex.o
 .debug_aranges
                0x0000000000000780       0x58 ./Drivers/STM32F4xx_HAL_Driver/Src/stm32f4xx_hal_gpio.o
 .debug_aranges
                0x00000000000007d8      0x2a0 ./Drivers/STM32F4xx_HAL_Driver/Src/stm32f4xx_hal_i2c.o
 .debug_aranges
                0x0000000000000a78       0x88 ./Drivers/STM32F4xx_HAL_Driver/Src/stm32f4xx_hal_rcc.o
 .debug_aranges
                0x0000000000000b00      0x1d0 ./Drivers/STM32F4xx_HAL_Driver/Src/stm32f4xx_hal_spi.o
 .debug_aranges
                0x0000000000000cd0      0x3d0 ./Drivers/STM32F4xx_HAL_Driver/Src/stm32f4xx_hal_tim.o
 .debug_aranges
                0x00000000000010a0      0x168 ./Drivers/STM32F4xx_HAL_Driver/Src/stm32f4xx_hal_tim_ex.o
 .debug_aranges
                0x0000000000001208      0x200 ./Drivers/STM32F4xx_HAL_Driver/Src/stm32f4xx_hal_uart.o

.debug_ranges   0x0000000000000000     0x12e8
 .debug_ranges  0x0000000000000000       0xa0 ./Core/Src/LoRa.o
 .debug_ranges  0x00000000000000a0       0x38 ./Core/Src/airHumidityTask.o
 .debug_ranges  0x00000000000000d8       0x38 ./Core/Src/airTempTask.o
 .debug_ranges  0x0000000000000110       0x10 ./Core/Src/batteryTask.o
 .debug_ranges  0x0000000000000120      0x100 ./Core/Src/liquidcrystal_i2c.o
 .debug_ranges  0x0000000000000220       0x68 ./Core/Src/main.o
 .debug_ranges  0x0000000000000288       0x10 ./Core/Src/moistureTask.o
 .debug_ranges  0x0000000000000298       0x38 ./Core/Src/soilTempTask.o
 .debug_ranges  0x00000000000002d0       0x60 ./Core/Src/stm32f4xx_hal_msp.o
 .debug_ranges  0x0000000000000330       0x50 ./Core/Src/stm32f4xx_it.o
 .debug_ranges  0x0000000000000380       0x10 ./Core/Src/sysmem.o
 .debug_ranges  0x0000000000000390       0x18 ./Core/Src/system_stm32f4xx.o
 .debug_ranges  0x00000000000003a8       0x20 ./Core/Startup/startup_stm32f411retx.o
 .debug_ranges  0x00000000000003c8       0xe0 ./Drivers/STM32F4xx_HAL_Driver/Src/stm32f4xx_hal.o
 .debug_ranges  0x00000000000004a8       0xd8 ./Drivers/STM32F4xx_HAL_Driver/Src/stm32f4xx_hal_adc.o
 .debug_ranges  0x0000000000000580      0x108 ./Drivers/STM32F4xx_HAL_Driver/Src/stm32f4xx_hal_cortex.o
 .debug_ranges  0x0000000000000688       0x48 ./Drivers/STM32F4xx_HAL_Driver/Src/stm32f4xx_hal_gpio.o
 .debug_ranges  0x00000000000006d0      0x2a8 ./Drivers/STM32F4xx_HAL_Driver/Src/stm32f4xx_hal_i2c.o
 .debug_ranges  0x0000000000000978       0x78 ./Drivers/STM32F4xx_HAL_Driver/Src/stm32f4xx_hal_rcc.o
 .debug_ranges  0x00000000000009f0      0x1c0 ./Drivers/STM32F4xx_HAL_Driver/Src/stm32f4xx_hal_spi.o
 .debug_ranges  0x0000000000000bb0      0x3c0 ./Drivers/STM32F4xx_HAL_Driver/Src/stm32f4xx_hal_tim.o
 .debug_ranges  0x0000000000000f70      0x158 ./Drivers/STM32F4xx_HAL_Driver/Src/stm32f4xx_hal_tim_ex.o
 .debug_ranges  0x00000000000010c8      0x220 ./Drivers/STM32F4xx_HAL_Driver/Src/stm32f4xx_hal_uart.o

.debug_macro    0x0000000000000000    0x19c56
 .debug_macro   0x0000000000000000      0x231 ./Core/Src/LoRa.o
 .debug_macro   0x0000000000000231      0xa78 ./Core/Src/LoRa.o
 .debug_macro   0x0000000000000ca9      0x2ad ./Core/Src/LoRa.o
 .debug_macro   0x0000000000000f56       0x2e ./Core/Src/LoRa.o
 .debug_macro   0x0000000000000f84       0x28 ./Core/Src/LoRa.o
 .debug_macro   0x0000000000000fac       0x22 ./Core/Src/LoRa.o
 .debug_macro   0x0000000000000fce       0x8e ./Core/Src/LoRa.o
 .debug_macro   0x000000000000105c       0x51 ./Core/Src/LoRa.o
 .debug_macro   0x00000000000010ad      0x103 ./Core/Src/LoRa.o
 .debug_macro   0x00000000000011b0       0x6a ./Core/Src/LoRa.o
 .debug_macro   0x000000000000121a      0x1df ./Core/Src/LoRa.o
 .debug_macro   0x00000000000013f9       0x1c ./Core/Src/LoRa.o
 .debug_macro   0x0000000000001415       0x22 ./Core/Src/LoRa.o
 .debug_macro   0x0000000000001437       0xd9 ./Core/Src/LoRa.o
 .debug_macro   0x0000000000001510     0x102d ./Core/Src/LoRa.o
 .debug_macro   0x000000000000253d      0x11f ./Core/Src/LoRa.o
 .debug_macro   0x000000000000265c     0xb953 ./Core/Src/LoRa.o
 .debug_macro   0x000000000000dfaf       0x6d ./Core/Src/LoRa.o
 .debug_macro   0x000000000000e01c     0x367e ./Core/Src/LoRa.o
 .debug_macro   0x000000000001169a      0x174 ./Core/Src/LoRa.o
 .debug_macro   0x000000000001180e       0x5c ./Core/Src/LoRa.o
 .debug_macro   0x000000000001186a      0x447 ./Core/Src/LoRa.o
 .debug_macro   0x0000000000011cb1      0x9fe ./Core/Src/LoRa.o
 .debug_macro   0x00000000000126af      0x115 ./Core/Src/LoRa.o
 .debug_macro   0x00000000000127c4      0x11b ./Core/Src/LoRa.o
 .debug_macro   0x00000000000128df       0xa5 ./Core/Src/LoRa.o
 .debug_macro   0x0000000000012984      0x15f ./Core/Src/LoRa.o
 .debug_macro   0x0000000000012ae3      0x287 ./Core/Src/LoRa.o
 .debug_macro   0x0000000000012d6a       0x5f ./Core/Src/LoRa.o
 .debug_macro   0x0000000000012dc9      0x236 ./Core/Src/LoRa.o
 .debug_macro   0x0000000000012fff      0x9e1 ./Core/Src/LoRa.o
 .debug_macro   0x00000000000139e0      0x38b ./Core/Src/LoRa.o
 .debug_macro   0x0000000000013d6b      0x17d ./Core/Src/LoRa.o
 .debug_macro   0x0000000000013ee8       0xf9 ./Core/Src/LoRa.o
 .debug_macro   0x0000000000013fe1      0x132 ./Core/Src/LoRa.o
 .debug_macro   0x0000000000014113      0x264 ./Core/Src/LoRa.o
 .debug_macro   0x0000000000014377       0x2e ./Core/Src/LoRa.o
 .debug_macro   0x00000000000143a5      0x1b5 ./Core/Src/LoRa.o
 .debug_macro   0x000000000001455a       0x22 ./Core/Src/LoRa.o
 .debug_macro   0x000000000001457c       0xd6 ./Core/Src/LoRa.o
 .debug_macro   0x0000000000014652      0x11a ./Core/Src/LoRa.o
 .debug_macro   0x000000000001476c       0x85 ./Core/Src/LoRa.o
 .debug_macro   0x00000000000147f1       0x89 ./Core/Src/LoRa.o
 .debug_macro   0x000000000001487a      0x225 ./Core/Src/LoRa.o
 .debug_macro   0x0000000000014a9f      0x8e6 ./Core/Src/LoRa.o
 .debug_macro   0x0000000000015385       0x47 ./Core/Src/LoRa.o
 .debug_macro   0x00000000000153cc      0x295 ./Core/Src/LoRa.o
 .debug_macro   0x0000000000015661      0x126 ./Core/Src/LoRa.o
 .debug_macro   0x0000000000015787       0x70 ./Core/Src/LoRa.o
 .debug_macro   0x00000000000157f7      0x166 ./Core/Src/LoRa.o
 .debug_macro   0x000000000001595d      0x39d ./Core/Src/airHumidityTask.o
 .debug_macro   0x0000000000015cfa       0xd0 ./Core/Src/airHumidityTask.o
 .debug_macro   0x0000000000015dca       0x1c ./Core/Src/airHumidityTask.o
 .debug_macro   0x0000000000015de6       0x76 ./Core/Src/airHumidityTask.o
 .debug_macro   0x0000000000015e5c       0x52 ./Core/Src/airHumidityTask.o
 .debug_macro   0x0000000000015eae       0x1e ./Core/Src/airHumidityTask.o
 .debug_macro   0x0000000000015ecc       0x3c ./Core/Src/airHumidityTask.o
 .debug_macro   0x0000000000015f08       0x34 ./Core/Src/airHumidityTask.o
 .debug_macro   0x0000000000015f3c       0x16 ./Core/Src/airHumidityTask.o
 .debug_macro   0x0000000000015f52       0x35 ./Core/Src/airHumidityTask.o
 .debug_macro   0x0000000000015f87      0x341 ./Core/Src/airHumidityTask.o
 .debug_macro   0x00000000000162c8       0x10 ./Core/Src/airHumidityTask.o
 .debug_macro   0x00000000000162d8       0x16 ./Core/Src/airHumidityTask.o
 .debug_macro   0x00000000000162ee       0x43 ./Core/Src/airHumidityTask.o
 .debug_macro   0x0000000000016331       0x34 ./Core/Src/airHumidityTask.o
 .debug_macro   0x0000000000016365       0x10 ./Core/Src/airHumidityTask.o
 .debug_macro   0x0000000000016375       0x58 ./Core/Src/airHumidityTask.o
 .debug_macro   0x00000000000163cd       0x71 ./Core/Src/airHumidityTask.o
 .debug_macro   0x000000000001643e       0x1c ./Core/Src/airHumidityTask.o
 .debug_macro   0x000000000001645a      0x12a ./Core/Src/airHumidityTask.o
 .debug_macro   0x0000000000016584       0x10 ./Core/Src/airHumidityTask.o
 .debug_macro   0x0000000000016594       0x1c ./Core/Src/airHumidityTask.o
 .debug_macro   0x00000000000165b0       0x52 ./Core/Src/airHumidityTask.o
 .debug_macro   0x0000000000016602       0x22 ./Core/Src/airHumidityTask.o
 .debug_macro   0x0000000000016624       0x10 ./Core/Src/airHumidityTask.o
 .debug_macro   0x0000000000016634       0x52 ./Core/Src/airHumidityTask.o
 .debug_macro   0x0000000000016686       0xd5 ./Core/Src/airHumidityTask.o
 .debug_macro   0x000000000001675b       0x1c ./Core/Src/airHumidityTask.o
 .debug_macro   0x0000000000016777       0x3d ./Core/Src/airHumidityTask.o
 .debug_macro   0x00000000000167b4       0x16 ./Core/Src/airHumidityTask.o
 .debug_macro   0x00000000000167ca      0x145 ./Core/Src/airHumidityTask.o
 .debug_macro   0x000000000001690f      0x39d ./Core/Src/airTempTask.o
 .debug_macro   0x0000000000016cac      0x39d ./Core/Src/batteryTask.o
 .debug_macro   0x0000000000017049      0x228 ./Core/Src/liquidcrystal_i2c.o
 .debug_macro   0x0000000000017271      0x24b ./Core/Src/main.o
 .debug_macro   0x00000000000174bc       0xd6 ./Core/Src/main.o
 .debug_macro   0x0000000000017592      0x39d ./Core/Src/moistureTask.o
 .debug_macro   0x000000000001792f      0x39d ./Core/Src/soilTempTask.o
 .debug_macro   0x0000000000017ccc      0x228 ./Core/Src/stm32f4xx_hal_msp.o
 .debug_macro   0x0000000000017ef4      0x232 ./Core/Src/stm32f4xx_it.o
 .debug_macro   0x0000000000018126       0xff ./Core/Src/sysmem.o
 .debug_macro   0x0000000000018225      0x23b ./Core/Src/sysmem.o
 .debug_macro   0x0000000000018460      0x219 ./Core/Src/system_stm32f4xx.o
 .debug_macro   0x0000000000018679      0x279 ./Drivers/STM32F4xx_HAL_Driver/Src/stm32f4xx_hal.o
 .debug_macro   0x00000000000188f2      0x21a ./Drivers/STM32F4xx_HAL_Driver/Src/stm32f4xx_hal_adc.o
 .debug_macro   0x0000000000018b0c      0x219 ./Drivers/STM32F4xx_HAL_Driver/Src/stm32f4xx_hal_cortex.o
 .debug_macro   0x0000000000018d25      0x21f ./Drivers/STM32F4xx_HAL_Driver/Src/stm32f4xx_hal_gpio.o
 .debug_macro   0x0000000000018f44      0x260 ./Drivers/STM32F4xx_HAL_Driver/Src/stm32f4xx_hal_i2c.o
 .debug_macro   0x00000000000191a4      0x23d ./Drivers/STM32F4xx_HAL_Driver/Src/stm32f4xx_hal_rcc.o
 .debug_macro   0x00000000000193e1      0x228 ./Drivers/STM32F4xx_HAL_Driver/Src/stm32f4xx_hal_spi.o
 .debug_macro   0x0000000000019609      0x21a ./Drivers/STM32F4xx_HAL_Driver/Src/stm32f4xx_hal_tim.o
 .debug_macro   0x0000000000019823      0x219 ./Drivers/STM32F4xx_HAL_Driver/Src/stm32f4xx_hal_tim_ex.o
 .debug_macro   0x0000000000019a3c      0x21a ./Drivers/STM32F4xx_HAL_Driver/Src/stm32f4xx_hal_uart.o

.debug_line     0x0000000000000000    0x18319
 .debug_line    0x0000000000000000      0xb50 ./Core/Src/LoRa.o
 .debug_line    0x0000000000000b50      0xa83 ./Core/Src/airHumidityTask.o
 .debug_line    0x00000000000015d3      0xa76 ./Core/Src/airTempTask.o
 .debug_line    0x0000000000002049      0x961 ./Core/Src/batteryTask.o
 .debug_line    0x00000000000029aa      0xb33 ./Core/Src/liquidcrystal_i2c.o
 .debug_line    0x00000000000034dd      0xa50 ./Core/Src/main.o
 .debug_line    0x0000000000003f2d      0x966 ./Core/Src/moistureTask.o
 .debug_line    0x0000000000004893      0xa74 ./Core/Src/soilTempTask.o
 .debug_line    0x0000000000005307      0x8ad ./Core/Src/stm32f4xx_hal_msp.o
 .debug_line    0x0000000000005bb4      0x809 ./Core/Src/stm32f4xx_it.o
 .debug_line    0x00000000000063bd      0x4e5 ./Core/Src/sysmem.o
 .debug_line    0x00000000000068a2      0x7c8 ./Core/Src/system_stm32f4xx.o
 .debug_line    0x000000000000706a       0x88 ./Core/Startup/startup_stm32f411retx.o
 .debug_line    0x00000000000070f2      0xa2e ./Drivers/STM32F4xx_HAL_Driver/Src/stm32f4xx_hal.o
 .debug_line    0x0000000000007b20     0x11de ./Drivers/STM32F4xx_HAL_Driver/Src/stm32f4xx_hal_adc.o
 .debug_line    0x0000000000008cfe      0xcdd ./Drivers/STM32F4xx_HAL_Driver/Src/stm32f4xx_hal_cortex.o
 .debug_line    0x00000000000099db      0xb66 ./Drivers/STM32F4xx_HAL_Driver/Src/stm32f4xx_hal_gpio.o
 .debug_line    0x000000000000a541     0x39e3 ./Drivers/STM32F4xx_HAL_Driver/Src/stm32f4xx_hal_i2c.o
 .debug_line    0x000000000000df24      0xda8 ./Drivers/STM32F4xx_HAL_Driver/Src/stm32f4xx_hal_rcc.o
 .debug_line    0x000000000000eccc     0x1cb8 ./Drivers/STM32F4xx_HAL_Driver/Src/stm32f4xx_hal_spi.o
 .debug_line    0x0000000000010984     0x34fc ./Drivers/STM32F4xx_HAL_Driver/Src/stm32f4xx_hal_tim.o
 .debug_line    0x0000000000013e80     0x19c6 ./Drivers/STM32F4xx_HAL_Driver/Src/stm32f4xx_hal_tim_ex.o
 .debug_line    0x0000000000015846     0x2ad3 ./Drivers/STM32F4xx_HAL_Driver/Src/stm32f4xx_hal_uart.o

.debug_str      0x0000000000000000    0x9eed2
 .debug_str     0x0000000000000000    0x95962 ./Core/Src/LoRa.o
                                      0x95c95 (size before relaxing)
 .debug_str     0x0000000000095962     0x417e ./Core/Src/airHumidityTask.o
                                      0x993c1 (size before relaxing)
 .debug_str     0x0000000000099ae0       0x9b ./Core/Src/airTempTask.o
                                      0x993b6 (size before relaxing)
 .debug_str     0x0000000000099b7b      0x1e4 ./Core/Src/batteryTask.o
                                      0x996b4 (size before relaxing)
 .debug_str     0x0000000000099d5f      0x582 ./Core/Src/liquidcrystal_i2c.o
                                      0x95b30 (size before relaxing)
 .debug_str     0x000000000009a2e1      0x8cb ./Core/Src/main.o
                                      0x96c2a (size before relaxing)
 .debug_str     0x000000000009abac       0x2e ./Core/Src/moistureTask.o
                                      0x996b8 (size before relaxing)
 .debug_str     0x000000000009abda       0x85 ./Core/Src/soilTempTask.o
                                      0x993b3 (size before relaxing)
 .debug_str     0x000000000009ac5f      0x111 ./Core/Src/stm32f4xx_hal_msp.o
                                      0x960b2 (size before relaxing)
 .debug_str     0x000000000009ad70       0xc9 ./Core/Src/stm32f4xx_it.o
                                      0x95229 (size before relaxing)
 .debug_str     0x000000000009ae39      0x4da ./Core/Src/sysmem.o
                                       0x5da3 (size before relaxing)
 .debug_str     0x000000000009b313       0xcb ./Core/Src/system_stm32f4xx.o
                                      0x951d0 (size before relaxing)
 .debug_str     0x000000000009b3de       0x36 ./Core/Startup/startup_stm32f411retx.o
                                         0x65 (size before relaxing)
 .debug_str     0x000000000009b414      0x9a9 ./Drivers/STM32F4xx_HAL_Driver/Src/stm32f4xx_hal.o
                                      0x95bfc (size before relaxing)
 .debug_str     0x000000000009bdbd      0x285 ./Drivers/STM32F4xx_HAL_Driver/Src/stm32f4xx_hal_adc.o
                                      0x957ab (size before relaxing)
 .debug_str     0x000000000009c042      0x34d ./Drivers/STM32F4xx_HAL_Driver/Src/stm32f4xx_hal_cortex.o
                                      0x9591d (size before relaxing)
 .debug_str     0x000000000009c38f       0xea ./Drivers/STM32F4xx_HAL_Driver/Src/stm32f4xx_hal_gpio.o