../Core/Src/main.c:80:6:selectADC1	24	static
../Core/Src/main.c:94:6:selectADC2	24	static
../Core/Src/main.c:114:5:main	64	static
../Core/Src/main.c:260:6:SystemClock_Config	88	static
../Core/Src/main.c:307:13:MX_ADC1_Init	8	static
../Core/Src/main.c:350:13:MX_I2C1_Init	8	static
../Core/Src/main.c:384:13:MX_SPI1_Init	8	static
../Core/Src/main.c:422:13:MX_TIM1_Init	32	static
../Core/Src/main.c:468:13:MX_USART1_UART_Init	8	static
../Core/Src/main.c:501:13:MX_GPIO_Init	48	static
../Core/Src/main.c:542:6:HAL_GPIO_EXTI_Callback	16	static
../Core/Src/main.c:558:6:Error_Handler	4	static,ignoring_inline_asm
